I/ActivityManager(  110): Starting: Intent { act=android.intent.action.MAIN flg=0x10000000 cmp=com.android.browser/.BrowserActivity } from pid 206
I/ActivityManager(  110): Start proc com.android.browser for activity com.android.browser/.BrowserActivity: pid=1227 uid=10052 gids={3003, 1015}
I/ActivityManager(  110): Starting: Intent { act=android.intent.action.VIEW dat=http://192.168.1.8:9292/console/ flg=0x10000000 cmp=com.android.browser/.BrowserActivity (has extras) } from pid 1227
W/InputManagerService(  110): Window already focused, ignoring focus gain of: com.android.internal.view.IInputMethodClient$Stub$Proxy@406bb3d8
I/ActivityManager(  110): Starting: Intent { cmp=com.android.browser/.CombinedBookmarkHistoryActivity (has extras) } from pid 1227
I/ActivityManager(  110): Starting: Intent { cmp=com.android.browser/.AddBookmarkPage (has extras) } from pid 1227
I/ActivityManager(  110): Starting: Intent { act=android.intent.action.MAIN cat=[android.intent.category.HOME] flg=0x10200000 cmp=com.android.launcher/com.android.launcher2.Launcher } from pid 110
I/ActivityManager(  110): Starting: Intent { act=android.intent.action.MAIN flg=0x10000000 cmp=com.android.browser/.BrowserActivity } from pid 206
I/ActivityManager(  110): Starting: Intent { act=android.intent.action.VIEW dat=http://192.168.1.8:9292/console/ flg=0x10000000 cmp=com.android.browser/.BrowserActivity (has extras) } from pid 1227
I/ActivityManager(  110): Starting: Intent { flg=0x10000000 cmp=com.google.android.gsf/.update.SystemUpdateInstallDialog } from pid 211
I/TelephonyRegistry(  110): notifyServiceState: 0 home Sprint US 310120  1xRTT CSS not supported 233 4183RoamInd: 1DefRoamInd: 0EmergOnly: false
I/TelephonyRegistry(  110): notifyServiceState: 0 home Sprint US 310120  EvDo rev. 0 CSS not supported 233 4183RoamInd: 1DefRoamInd: 0EmergOnly: false
I/TelephonyRegistry(  110): notifyDataConnection: state=0 isDataConnectivityPossible=false reason=null interfaceName=null networkType=5
I/TelephonyRegistry(  110): notifyDataConnection: state=0 isDataConnectivityPossible=false reason=null interfaceName=null networkType=5
I/TelephonyRegistry(  110): notifyDataConnection: state=1 isDataConnectivityPossible=true reason=null interfaceName=null networkType=5
I/TelephonyRegistry(  110): notifyServiceState: 0 home Sprint US 310120  EvDo rev. A CSS not supported 233 4183RoamInd: 1DefRoamInd: 0EmergOnly: false
I/TelephonyRegistry(  110): notifyDataConnection: state=1 isDataConnectivityPossible=true reason=null interfaceName=null networkType=6
I/TelephonyRegistry(  110): notifyServiceState: 0 home Sprint US 310120  1xRTT CSS not supported 233 4183RoamInd: 1DefRoamInd: 0EmergOnly: false
I/TelephonyRegistry(  110): notifyDataConnection: state=0 isDataConnectivityPossible=false reason=null interfaceName=null networkType=7
I/TelephonyRegistry(  110): notifyServiceState: 0 home Sprint US 310120  1xRTT CSS not supported 233 4183RoamInd: 1DefRoamInd: 0EmergOnly: false
I/ActivityManager(  110): Start proc com.android.defcontainer for service com.android.defcontainer/.DefaultContainerService: pid=1278 uid=10045 gids={1015, 2001}
W/ActivityManager(  110): No content provider found for: 
W/ActivityManager(  110): No content provider found for: 
I/PackageManager(  110): Unpacking native libraries for /data/app/com.rhomobile.storemanager-1.apk
I/ActivityManager(  110): Force stopping package com.rhomobile.storemanager uid=10059
W/PackageManager(  110): Unknown permission android.permission.ADD_SYSTEM_SERVICE in package com.android.phone
W/PackageManager(  110): Unknown permission android.permission.ACCESS_GPS in package com.rhomobile.rhoconnectjs.sample.jQMPersistenceJs
W/PackageManager(  110): Unknown permission android.permission.ACCESS_ASSISTED_GPS in package com.rhomobile.rhoconnectjs.sample.jQMPersistenceJs
W/PackageManager(  110): Not granting permission android.permission.SEND_DOWNLOAD_COMPLETED_INTENTS to package com.android.browser (protectionLevel=2 flags=0x9be45)
W/PackageManager(  110): Unknown permission android.permission.READ_OWNER_DATA in package com.google.android.email
W/PackageManager(  110): Unknown permission android.permission.READ_OWNER_DATA in package com.android.setupwizard
W/PackageManager(  110): Unknown permission android.permission.WRITE_OWNER_DATA in package com.android.setupwizard
W/PackageManager(  110): Unknown permission android.permission.READ_EXTERNAL_STORAGE in package com.smartwho.SmartFileManager
W/PackageManager(  110): Not granting permission android.permission.DEVICE_POWER to package com.google.android.deskclock (protectionLevel=2 flags=0x8be45)
W/PackageManager(  110): Unknown permission android.permission.WRITE_CDMA_CARRIER_SETTINGS in package com.android.sprintmenu
W/PackageManager(  110): Unknown permission android.permission.CHANGE_DUN_STATE in package com.android.sprintmenu
W/PackageManager(  110): Not granting permission android.permission.SEND_DOWNLOAD_COMPLETED_INTENTS to package com.android.vending (protectionLevel=2 flags=0xabec5)
W/PackageManager(  110): Unknown permission android.permission.SEND in package com.android.vending
W/PackageManager(  110): Unknown permission android.permission.ACCESS_GPS in package com.rhomobile.rhoconnectjs.sample.phoneGap
W/PackageManager(  110): Unknown permission android.permission.ACCESS_ASSISTED_GPS in package com.rhomobile.rhoconnectjs.sample.phoneGap
W/PackageManager(  110): Unknown permission com.android.providers.im.permission.READ_ONLY in package com.google.android.apps.maps
W/PackageManager(  110): Unknown permission com.google.android.apps.googlevoice.REMOTE_INTENT in package com.google.android.apps.googlevoice
W/PackageManager(  110): Unknown permission com.google.android.permission.RECEIVE_DATA_MESSAGE in package com.google.android.apps.googlevoice
W/PackageManager(  110): Unknown permission com.google.android.permission.SEND_DATA_MESSAGE in package com.google.android.apps.googlevoice
I/ActivityManager(  110): Start proc com.noshufou.android.su for broadcast com.noshufou.android.su/.InstallReceiver: pid=1289 uid=10000 gids={1015, 3003}
I/ActivityManager(  110): Start proc com.android.voicedialer for broadcast com.android.voicedialer/.VoiceDialerReceiver: pid=1298 uid=10006 gids={3002}
I/ActivityManager(  110): No longer want com.svox.pico (pid 1069): hidden #16
I/ActivityManager(  110): Start proc com.svox.pico for broadcast com.svox.pico/.VoiceDataInstallerReceiver: pid=1306 uid=10018 gids={}
I/ActivityManager(  110): No longer want com.android.vending (pid 372): hidden #16
W/ActivityManager(  110): Scheduling restart of crashed service com.android.vending/.util.AlarmService in 5000ms
I/ActivityManager(  110): No longer want com.rhomobile.storerhodes (pid 1081): hidden #16
I/ActivityManager(  110): Start proc com.google.android.partnersetup for broadcast com.google.android.partnersetup/.AppInstalledReceiver: pid=1313 uid=10037 gids={}
I/ActivityManager(  110): No longer want com.android.settings (pid 341): hidden #16
I/ActivityManager(  110): Start proc com.android.vending for broadcast com.android.vending/.PackageMonitorReceiver: pid=1320 uid=10008 gids={1015, 3003}
I/WindowManager(  110): WIN DEATH: Window{40740da8 com.rhomobile.storerhodes/com.rhomobile.rhodes.RhodesActivity paused=false}
W/ActivityManager(  110): Scheduling restart of crashed service com.rhomobile.storerhodes/com.rhomobile.rhodes.RhodesService in 5000ms
I/WindowManager(  110): WIN DEATH: Window{408be050 com.android.settings/com.android.settings.Settings paused=false}
I/WindowManager(  110): WIN DEATH: Window{4072d7e0 com.android.settings/com.android.settings.DeviceInfoSettings paused=false}
I/ActivityManager(  110): No longer want com.google.android.apps.maps:GoogleLocationService (pid 1154): hidden #16
W/ActivityManager(  110): Scheduling restart of crashed service com.google.android.apps.maps/com.google.android.location.internal.server.GoogleLocationService in 14875ms
I/ActivityManager(  110): Start proc com.rhomobile.storerhodes for service com.rhomobile.storerhodes/com.rhomobile.rhodes.RhodesService: pid=1331 uid=10056 gids={3003}
W/ActivityManager(  110): No content provider found for: null
I/ActivityManager(  110): Starting: Intent { act=android.intent.action.VIEW dat=http://192.168.1.8:9292/console/ flg=0x10000000 cmp=com.android.browser/.BrowserActivity (has extras) } from pid 1227
I/ActivityManager(  110): Start proc com.google.android.apps.maps:GoogleLocationService for service com.google.android.apps.maps/com.google.android.location.internal.server.GoogleLocationService: pid=1346 uid=10028 gids={3003, 1015}
I/ActivityManager(  110): Starting: Intent { act=android.intent.action.MAIN cat=[android.intent.category.HOME] flg=0x10200000 cmp=com.android.launcher/com.android.launcher2.Launcher } from pid 110
W/InputManagerService(  110): Window already focused, ignoring focus gain of: com.android.internal.view.IInputMethodClient$Stub$Proxy@4085cf68
I/ActivityManager(  110): No longer want com.android.sprintmenu (pid 1175): hidden #16
W/ActivityManager(  110): Scheduling restart of crashed service com.android.sprintmenu/.HiddenPhoneService in 5000ms
I/ActivityManager(  110): Start proc com.android.sprintmenu for service com.android.sprintmenu/.HiddenPhoneService: pid=1362 uid=1001 gids={3002, 3001, 3003, 1015}
I/ActivityManager(  110): Starting: Intent { act=android.intent.action.MAIN cat=[android.intent.category.LAUNCHER] flg=0x10200000 cmp=com.rhomobile.storemanager/com.rhomobile.rhodes.RhodesActivity } from pid 206
I/ActivityManager(  110): Start proc com.rhomobile.storemanager for activity com.rhomobile.storemanager/com.rhomobile.rhodes.RhodesActivity: pid=1371 uid=10059 gids={3003}
--------- beginning of /dev/log/main
D/RhoFileApi( 1371): File apps/rhoconfig.txt copied
I/RhoFileApi( 1371): Opening stat table from package assets
D/RhoFileApi( 1371): Copy apps/rhoconfig.txt to FS
D/RhoFileApi( 1371): File apps/rhoconfig.txt copied
D/RhoFileApi( 1371): App root path: /data/data/com.rhomobile.storemanager/rhodata/
D/RhoFileApi( 1371): Sqlite journals path: /data/data/com.rhomobile.storemanager/sqlite_stmt_journals/
D/RhoFileApi( 1371): Shared path: /data/data/com.rhomobile.storemanager/rhodata/
I/dalvikvm( 1371): Could not find method android.content.Intent.setDataAndTypeAndNormalize, referenced from method com.rho.intent.IntentSingleton.makeIntent
W/dalvikvm( 1371): VFY: unable to resolve virtual method 333: Landroid/content/Intent;.setDataAndTypeAndNormalize (Landroid/net/Uri;Ljava/lang/String;)Landroid/content/Intent;
D/dalvikvm( 1371): VFY: replacing opcode 0x6e at 0x0256
I/dalvikvm( 1371): Could not find method android.content.Intent.setTypeAndNormalize, referenced from method com.rho.intent.IntentSingleton.makeIntent
W/dalvikvm( 1371): VFY: unable to resolve virtual method 336: Landroid/content/Intent;.setTypeAndNormalize (Ljava/lang/String;)Landroid/content/Intent;
D/dalvikvm( 1371): VFY: replacing opcode 0x6e at 0x0272
D/dalvikvm( 1371): VFY: dead code 0x0259-0259 in Lcom/rho/intent/IntentSingleton;.makeIntent (Ljava/util/Map;)Landroid/content/Intent;
D/dalvikvm( 1371): VFY: dead code 0x0275-0275 in Lcom/rho/intent/IntentSingleton;.makeIntent (Ljava/util/Map;)Landroid/content/Intent;
I/APP     ( 1371): I 08/19/2014 16:42:08:070 0000055b    RhodesApplication| Initialized
I/APP     ( 1371): I 08/19/2014 16:42:08:086 0000055b         SplashScreen| Looking for start page source
I/APP     ( 1371): I 08/19/2014 16:42:08:087 0000055b         SplashScreen| Loading image: apps/app/loading.png
D/dalvikvm( 1371): GC_EXTERNAL_ALLOC freed 297K, 49% free 2859K/5575K, external 1625K/2137K, paused 21ms
I/APP     ( 1371): I 08/19/2014 16:42:08:152 0000055b         SplashScreen| Done
I/APP     ( 1371): I 08/19/2014 16:42:08:153 0000055b       RhodesActivity| Config path: /mnt/sdcard/Android/data/com.rhomobile.storemanager/Config.xml
I/APP     ( 1371): I 08/19/2014 16:42:08:153 0000055b       RhodesActivity| Loading Config.xml from resources
I/APP     ( 1371): W 08/19/2014 16:42:08:154 0000055b       RhodesActivity| Error loading RhoElements configuraiton (IllegalArgumentException): Cannot get com.rhomobile.rhodes.R$raw.config
I/APP     ( 1371): I 08/19/2014 16:42:08:717 0000055b        GoogleWebView| Initialize Google WEbView staff
I/APP     ( 1371): I 08/19/2014 16:42:08:740 0000055b        GoogleWebView| Adding new JS interface: __rhoNativeApi
I/APP     ( 1371): I 08/19/2014 16:42:08:741 0000055b    RhodesApplication| New UiState: MainActivityCreated
I/APP     ( 1371): I 08/19/2014 16:42:08:741 0000055b    RhodesApplication| New UiState: MainActivityStarted
I/APP     ( 1371): I 08/19/2014 16:42:08:741 0000055b    RhodesApplication| New UiState: MainActivitiResumed
I/APP     ( 1371): I 08/19/2014 16:42:08:745 0000055b    LocalFileProvider| Revoke URI permissions: content://com.rhomobile.storemanager
I/APP     ( 1371): I 08/19/2014 16:42:08:746 0000055b               Rhodes| Loading...
I/APP     ( 1371): I 08/19/2014 16:42:08:746 0000055b            RhodesApp| Trying to get free listening port.
I/APP     ( 1371): I 08/19/2014 16:42:08:746 0000055b            RhodesApp| Trying to bind of 0 port...
I/APP     ( 1371): I 08/19/2014 16:42:08:746 0000055b            RhodesApp| Got port to bind on: 46298
I/APP     ( 1371): I 08/19/2014 16:42:08:747 0000055b            RhodesApp| Free listening port: 46298
W/ActivityManager(  110): No content provider found for: null
I/APP     ( 1371): I 08/19/2014 16:42:08:751 00000565         AppCallbacks| Starting main routine...
I/APP     ( 1371): I 08/19/2014 16:42:08:751 00000565         AppCallbacks| ThreadQueue blocked for 4294967295 seconds...
I/APP     ( 1371): I 08/19/2014 16:42:08:761 0000055b            RhodesApp| callAppActiveCallback
I/APP     ( 1371): I 08/19/2014 16:42:08:761 0000055b         AppCallbacks| addCommand: APP-ACTIVATED
I/APP     ( 1371): I 08/19/2014 16:42:08:761 00000565         AppCallbacks| APP-ACTIVATED is received ++++++++++++++++++++++++++++
I/APP     ( 1371): I 08/19/2014 16:42:08:761 00000565         AppCallbacks| Received command APP-ACTIVATED which is greater than expected (LOCAL-SERVER-STARTED) - postpone it
I/APP     ( 1371): I 08/19/2014 16:42:08:762 00000565         AppCallbacks| ThreadQueue blocked for 4294967295 seconds...
I/APP     ( 1371): I 08/19/2014 16:42:08:762 0000055b         AppActivated| Cannot commit now, application will be activated when started.
I/APP     ( 1371): I 08/19/2014 16:42:08:762 0000055b    RhodesApplication| New AppState: Undefined
I/APP     ( 1371): I 08/19/2014 16:42:08:762 0000055b        RhodesService| handleCommand: startId=1, source=com.rhomobile.rhodes.BaseActivity
I/APP     ( 1371): E 08/19/2014 16:42:08:774 0000055b        GoogleWebView| NumberFormatException,message=
I/APP     ( 1371): I 08/19/2014 16:42:08:776 0000055b  WebSettingsProvider| Set web plugins state 'OFF'
I/APP     ( 1371): I 08/19/2014 16:42:08:777 0000055b         AppCallbacks| addCommand: UI-CREATED
I/APP     ( 1371): I 08/19/2014 16:42:08:777 00000565         AppCallbacks| UI-CREATED is received ++++++++++++++++++++++++++++
I/APP     ( 1371): I 08/19/2014 16:42:08:777 00000565         AppCallbacks| m_uistate: 0
I/APP     ( 1371): I 08/19/2014 16:42:08:777 00000565         AppCallbacks| Received command UI-CREATED which is greater than expected (LOCAL-SERVER-STARTED) - postpone it
I/APP     ( 1371): I 08/19/2014 16:42:08:778 00000565         AppCallbacks| ThreadQueue blocked for 4294967295 seconds...
I/APP     ( 1371): I 08/19/2014 16:42:08:778 0000055b        GoogleWebView| Setting RhoWebChromeClient and RhoWebViewClient
I/APP     ( 1371): I 08/19/2014 16:42:08:781 00000566            RhodesApp| Starting RhodesApp main routine...
V/SimpleMainView.View( 1371): ms[1408491728807]  Main Window :: onSizeChanged() old [ 480 x 724 ]  new [ 0 x 0 ]
I/APP     ( 1371): I 08/19/2014 16:42:08:809 0000055b ConnectionChangeReceiver| LOGGER: Network status change, connected = true
I/APP     ( 1371): E 08/19/2014 16:42:08:810 0000055b         RhodesAppJNI| nativeNotify
I/APP     ( 1371): E 08/19/2014 16:42:08:810 0000055b            RhodesApp| enter notifyReceiver
I/APP     ( 1371): E 08/19/2014 16:42:08:810 0000055b            RhodesApp| calling onNetworkStatusChanged
I/APP     ( 1371): I 08/19/2014 16:42:08:812 0000055b       RhodesActivity| New start parameters: 
I/APP     ( 1371): I 08/19/2014 16:42:08:813 0000055b            RhodesApp| New start params: 
I/ActivityManager(  110): Displayed com.rhomobile.storemanager/com.rhomobile.rhodes.RhodesActivity: +985ms
I/APP     ( 1371): I 08/19/2014 16:42:08:908 00000566              RhoRuby| Init_RhoBlobs: /data/data/com.rhomobile.storemanager/rhodata/db/db-files
I/APP     ( 1371): I 08/19/2014 16:42:08:930 00000566              RhoRuby| require_compiled: RhoSystemApi
I/APP     ( 1371): I 08/19/2014 16:42:08:936 00000566              RhoRuby| require_compiled: RhoApplicationApi
I/APP     ( 1371): I 08/19/2014 16:42:08:946 00000566              RhoRuby| require_compiled: RhoNetworkApi
I/APP     ( 1371): I 08/19/2014 16:42:08:952 00000566              RhoRuby| require_compiled: RhoDatabaseApi
I/APP     ( 1371): I 08/19/2014 16:42:08:983 00000566              RhoRuby| require_compiled: RhoLogApi
I/APP     ( 1371): I 08/19/2014 16:42:08:993 00000566              RhoRuby| require_compiled: RhoWebViewApi
I/APP     ( 1371): I 08/19/2014 16:42:08:998 00000566              RhoRuby| require_compiled: RhoNativeToolbarApi
I/APP     ( 1371): I 08/19/2014 16:42:09:004 00000566              RhoRuby| require_compiled: RhoNativeTabbarApi
I/APP     ( 1371): I 08/19/2014 16:42:09:009 00000566              RhoRuby| require_compiled: RhoNotificationApi
I/APP     ( 1371): I 08/19/2014 16:42:09:018 00000566              RhoRuby| require_compiled: RhoConnectClient
I/APP     ( 1371): I 08/19/2014 16:42:09:027 00000566 RhoconnectClientManager| setRhoconnectClientImpl ^^^^^^^^^^^^^^^^^^^^^^^^^^^^^^^^^^^^^^^^^^^^^^^^^^^^^^
I/APP     ( 1371): I 08/19/2014 16:42:09:027 00000566              ANSPUSH| Init_RhoConnectPush_extension()
I/APP     ( 1371): I 08/19/2014 16:42:09:028 00000566       ClientRegister| Starting ClientRegister...
I/APP     ( 1371): I 08/19/2014 16:42:09:028 00000566       CPushSingleton| New push client has added: rhoconnect
I/APP     ( 1371): I 08/19/2014 16:42:09:028 00000566              RhoRuby| require_compiled: rhoframework
I/APP     ( 1371): I 08/19/2014 16:42:09:030 00000568       ClientRegister| ClientRegister is started
I/APP     ( 1371): I 08/19/2014 16:42:09:031 00000568       ClientRegister| Try to (un)register: 1
I/APP     ( 1371): I 08/19/2014 16:42:09:031 00000568       ClientRegister| SyncThread is not ready
I/APP     ( 1371): I 08/19/2014 16:42:09:031 00000568       ClientRegister| Waiting for 60 sec to try again to register client
I/APP     ( 1371): I 08/19/2014 16:42:09:031 00000568       ClientRegister| Try to (un)register: 2
I/APP     ( 1371): I 08/19/2014 16:42:09:031 00000568       ClientRegister| SyncThread is not ready
I/APP     ( 1371): I 08/19/2014 16:42:09:031 00000568       ClientRegister| Waiting for 60 sec to try again to register client
I/APP     ( 1371): I 08/19/2014 16:42:09:037 00000566              RhoRuby| require_compiled: rational
I/APP     ( 1371): I 08/19/2014 16:42:09:039 00000566              RhoRuby| require_compiled: json
I/APP     ( 1371): I 08/19/2014 16:42:09:040 00000566              RhoRuby| require_compiled: json/common
I/APP     ( 1371): I 08/19/2014 16:42:09:052 00000566              RhoRuby| require_compiled: json/version
I/APP     ( 1371): I 08/19/2014 16:42:09:056 00000566              RhoRuby| require_compiled: json/pure
I/APP     ( 1371): I 08/19/2014 16:42:09:062 00000566              RhoRuby| require_compiled: json/pure/generator
I/APP     ( 1371): I 08/19/2014 16:42:09:085 00000566              RhoRuby| require_compiled: rho/rhoapplication
I/APP     ( 1371): I 08/19/2014 16:42:09:098 00000566              RhoRuby| require_compiled: rholang/localization_simplified
I/APP     ( 1371): I 08/19/2014 16:42:09:110 00000566              RhoRuby| require_compiled: rho/rhomsg
I/APP     ( 1371): I 08/19/2014 16:42:09:112 00000566              RhoRuby| require_compiled: rho/rhotabbar
I/APP     ( 1371): I 08/19/2014 16:42:09:116 00000566              RhoRuby| require_compiled: rho/rhotoolbar
I/APP     ( 1371): I 08/19/2014 16:42:09:118 00000566                  APP| Current locale: ; Country code: 
I/APP     ( 1371): I 08/19/2014 16:42:09:119 00000566                  APP| Locilized file: /data/data/com.rhomobile.storemanager/rhodata/lib/rholang/lang_
I/APP     ( 1371): I 08/19/2014 16:42:09:119 00000566              RhoRuby| require_compiled: /data/data/com.rhomobile.storemanager/rhodata/lib/rholang/lang_en
I/APP     ( 1371): I 08/19/2014 16:42:09:124 00000566                  APP| Locilized file: /data/data/com.rhomobile.storemanager/rhodata/apps/app/lang/lang_
I/APP     ( 1371): I 08/19/2014 16:42:09:124 00000566                  APP| Locilized file: /data/data/com.rhomobile.storemanager/rhodata/lib/rholang/rhoerror_
I/APP     ( 1371): I 08/19/2014 16:42:09:124 00000566              RhoRuby| require_compiled: /data/data/com.rhomobile.storemanager/rhodata/lib/rholang/rhoerror_en
I/APP     ( 1371): I 08/19/2014 16:42:09:128 00000566                  APP| Locilized file: /data/data/com.rhomobile.storemanager/rhodata/lib/rholang/rhomsg_
I/APP     ( 1371): I 08/19/2014 16:42:09:128 00000566              RhoRuby| require_compiled: /data/data/com.rhomobile.storemanager/rhodata/lib/rholang/rhomsg_en
I/APP     ( 1371): I 08/19/2014 16:42:09:131 00000566              RhoRuby| require_compiled: indifferent_access
I/APP     ( 1371): I 08/19/2014 16:42:09:139 00000566              RhoRuby| require_compiled: rho/rhosupport
I/APP     ( 1371): I 08/19/2014 16:42:09:153 00000566              RhoRuby| require_compiled: rho/rhocontroller
I/APP     ( 1371): I 08/19/2014 16:42:09:162 00000566              RhoRuby| require_compiled: rho/render
I/APP     ( 1371): I 08/19/2014 16:42:09:181 00000566              RhoRuby| require_compiled: rho/rho
D/szipinf ( 1371): Initializing inflate state
D/szipinf ( 1371): Initializing zlib to inflate
I/APP     ( 1371): I 08/19/2014 16:42:09:329 00000566              RhoRuby| require_compiled: rho/rhoerror
I/APP     ( 1371): I 08/19/2014 16:42:09:339 00000566              RhoRuby| require_compiled: rhodes
I/APP     ( 1371): I 08/19/2014 16:42:09:345 00000566                  APP| Looking for RhoConnectClient
I/APP     ( 1371): I 08/19/2014 16:42:09:345 00000566                  APP| RhoConnectClient found. do nothing
I/APP     ( 1371): I 08/19/2014 16:42:09:346 00000566              RhoRuby| require_compiled: rho/rhoviewhelpers
I/APP     ( 1371): I 08/19/2014 16:42:09:368 00000566              RhoRuby| require_compiled: rho
I/APP     ( 1371): I 08/19/2014 16:42:09:384 00000566                  APP| RHOSTUDIO_REMOTE_DEBUG=false
I/APP     ( 1371): I 08/19/2014 16:42:09:391 00000566                  APP| RHOSTUDIO_REMOTE_HOST=
I/APP     ( 1371): I 08/19/2014 16:42:09:392 00000566                  APP| RHOSTUDIO_REMOTE_PATH=
I/APP     ( 1371): I 08/19/2014 16:42:09:392 00000566                  APP| RHO loaded
I/APP     ( 1371): I 08/19/2014 16:42:09:392 00000566                  APP| Calling RHO.initialize , use_new_orm: 0
I/APP     ( 1371): I 08/19/2014 16:42:09:392 00000566                  APP| MZV_DEBUG: we are in use_new_orm false false
I/APP     ( 1371): I 08/19/2014 16:42:09:393 00000566                   DB| Open DB: /data/data/com.rhomobile.storemanager/rhodata/db/syncdbapp.sqlite
I/APP     ( 1371): I 08/19/2014 16:42:10:015 00000566                   DB| Open DB: /data/data/com.rhomobile.storemanager/rhodata/db/syncdbuser.sqlite
I/APP     ( 1371): I 08/19/2014 16:42:10:373 00000566                   DB| Open DB: /data/data/com.rhomobile.storemanager/rhodata/db/syncdblocal.sqlite
I/APP     ( 1371): I 08/19/2014 16:42:10:828 00000566              RhoRuby| require_compiled: rhom
I/APP     ( 1371): I 08/19/2014 16:42:10:841 00000566              RhoRuby| require_compiled: rhom/rhom
I/APP     ( 1371): I 08/19/2014 16:42:10:873 00000566              RhoRuby| require_compiled: rhom/rhom_object_factory
D/szipinf ( 1371): Initializing inflate state
D/szipinf ( 1371): Initializing zlib to inflate
I/APP     ( 1371): I 08/19/2014 16:42:10:953 00000566              RhoRuby| require_compiled: rhom/rhom_object
I/APP     ( 1371): I 08/19/2014 16:42:10:957 00000566              RhoRuby| require_compiled: rhom/rhom_model
I/APP     ( 1371): I 08/19/2014 16:42:10:967 00000566              RhoRuby| require_compiled: rhom/rhom_source
I/APP     ( 1371): I 08/19/2014 16:42:10:975 00000566                  APP| model file: Product/product
I/APP     ( 1371): I 08/19/2014 16:42:10:975 00000566          GeoLocation| Creating singleton instance.
I/APP     ( 1371): I 08/19/2014 16:42:10:975 00000566            RhodesApp| Starting sync engine...
I/APP     ( 1371): I 08/19/2014 16:42:10:975 00000566                 Sync| sync_poll_interval: 0
I/APP     ( 1371): I 08/19/2014 16:42:10:975 00000566                 Sync| syncserver: http://192.168.1.8:9292
I/APP     ( 1371): I 08/19/2014 16:42:10:975 00000566                 Sync| bulksync_state: 0
I/APP     ( 1371): I 08/19/2014 16:42:10:976 00000566            RhodesApp| RhoRubyInitApp...
I/APP     ( 1371): I 08/19/2014 16:42:10:976 00000566                  APP| init_app
I/APP     ( 1371): I 08/19/2014 16:42:10:976 00000566              RhoRuby| require_compiled: application
I/APP     ( 1371): I 08/19/2014 16:42:10:977 0000056d                 Sync| Starting main routine...
I/APP     ( 1371): I 08/19/2014 16:42:10:978 0000056d                 Sync| ThreadQueue blocked for 4294967295 seconds...
I/APP     ( 1371): I 08/19/2014 16:42:10:982 00000566                 Sync| Set notification. Source ID: -1;Url :; Params: 
I/APP     ( 1371): I 08/19/2014 16:42:10:982 00000566           HttpServer| Start HTTP server
I/APP     ( 1371): I 08/19/2014 16:42:10:982 00000566           HttpServer| Listen for connections on port 46298
I/APP     ( 1371): I 08/19/2014 16:42:10:982 00000566         AppCallbacks| addCommand: LOCAL-SERVER-STARTED
I/APP     ( 1371): I 08/19/2014 16:42:10:983 00000565         AppCallbacks| LOCAL-SERVER-STARTED is received ++++++++++++++++++++++++++++
I/APP     ( 1371): I 08/19/2014 16:42:10:983 00000565         AppCallbacks| process command: LOCAL-SERVER-STARTED<<<<<<<<<<<<<<<<<<<<<<<<<<<<<<<<<<<<<<<
I/APP     ( 1371): E 08/19/2014 16:42:10:984 0000055b        GoogleWebView| NumberFormatException,message=
I/APP     ( 1371): I 08/19/2014 16:42:10:985 0000055b  WebSettingsProvider| Set web plugins state 'OFF'
I/APP     ( 1371): I 08/19/2014 16:42:10:986 0000055b         AppCallbacks| addCommand: UI-CREATED
I/APP     ( 1371): I 08/19/2014 16:42:10:986 00000565    RhodesApplication| New AppState: AppActivated
I/APP     ( 1371): I 08/19/2014 16:42:10:986 00000565         AppCallbacks| process command: UI-CREATED<<<<<<<<<<<<<<<<<<<<<<<<<<<<<<<<<<<<<<<
I/APP     ( 1371): I 08/19/2014 16:42:10:988 00000566           HttpServer| Process URI: '/system/uicreated'
I/APP     ( 1371): I 08/19/2014 16:42:10:989 00000566                  APP| on_ui_created.navigate to start url: '/app'
I/APP     ( 1371): I 08/19/2014 16:42:10:991 00000565         AppCallbacks| process command: APP-ACTIVATED<<<<<<<<<<<<<<<<<<<<<<<<<<<<<<<<<<<<<<<
I/APP     ( 1371): I 08/19/2014 16:42:10:993 00000566           HttpServer| Process URI: '/system/activateapp'
I/APP     ( 1371): I 08/19/2014 16:42:10:993 00000566                  APP| AppEvent Activated
I/APP     ( 1371): E 08/19/2014 16:42:10:994 0000055b        GoogleWebView| NumberFormatException,message=
I/APP     ( 1371): I 08/19/2014 16:42:10:996 0000055b  WebSettingsProvider| Set web plugins state 'ON'
I/APP     ( 1371): I 08/19/2014 16:42:10:996 0000055b         AppCallbacks| addCommand: UI-CREATED
I/APP     ( 1371): I 08/19/2014 16:42:10:996 0000055b       SimpleMainView| Cleared URL: http://127.0.0.1:46298/app
I/APP     ( 1371): I 08/19/2014 16:42:10:999 00000565         AppCallbacks| UI-CREATED is received ++++++++++++++++++++++++++++
I/APP     ( 1371): I 08/19/2014 16:42:10:999 00000565         AppCallbacks| m_uistate: 2
I/APP     ( 1371): I 08/19/2014 16:42:10:999 00000565         AppCallbacks| UI-CREATED is received ++++++++++++++++++++++++++++
I/APP     ( 1371): I 08/19/2014 16:42:11:000 00000565         AppCallbacks| m_uistate: 2
I/APP     ( 1371): I 08/19/2014 16:42:11:000 00000565         AppCallbacks| ThreadQueue blocked for 4294967295 seconds...
I/APP     ( 1371): I 08/19/2014 16:42:11:000 00000565         AppCallbacks| ThreadQueue blocked for 4294967295 seconds...
I/APP     ( 1371): I 08/19/2014 16:42:12:106 00000566           HttpServer| Process URI: '/app'
I/APP     ( 1371): I 08/19/2014 16:42:12:152 0000055b     RhoWebViewClient| Loading URL: http://127.0.0.1:46298/app/index_erb.iseq
I/APP     ( 1371): I 08/19/2014 16:42:12:159 00000566           HttpServer| Process URI: '/app/index_erb.iseq'
I/APP     ( 1371): I 08/19/2014 16:42:12:169 00000566                  APP| RHO serve_index: /app/index_erb.iseq
I/APP     ( 1371): I 08/19/2014 16:42:12:170 00000566 RHO Rho::RhoController| inst_render_index
I/APP     ( 1371): I 08/19/2014 16:42:12:176 00000566 RHO Rho::RhoController| index layout
I/APP     ( 1371): I 08/19/2014 16:42:12:205 00000566           HttpServer| GC Start.
I/APP     ( 1371): I 08/19/2014 16:42:12:261 00000566           HttpServer| GC End.
I/APP     ( 1371): I 08/19/2014 16:42:12:274 00000566           HttpServer| Process URI: '/public/api/rhoapi-modules.js'
I/APP     ( 1371): I 08/19/2014 16:42:12:290 00000566           HttpServer| Process URI: '/public/jquery/jquery-1.9.1.min.js'
D/dalvikvm( 1371): GC_CONCURRENT freed 895K, 50% free 3408K/6727K, external 3222K/3528K, paused 2ms+2ms
D/webviewglue( 1371): nativeDestroy view: 0x512fd8
I/APP     ( 1371): I 08/19/2014 16:42:12:351 00000566           HttpServer| Process URI: '/public/jqmobile/jquery.mobile-1.3.1.min.css'
I/APP     ( 1371): I 08/19/2014 16:42:12:372 00000566           HttpServer| Process URI: '/public/css/jqmobile-patch.css'
I/APP     ( 1371): I 08/19/2014 16:42:12:388 00000566           HttpServer| Process URI: '/public/jqmobile/jquery.mobile-1.3.1.min.js'
I/APP     ( 1371): I 08/19/2014 16:42:12:410 00000566           HttpServer| Process URI: '/public/js/jqmobile-patch.js'
I/APP     ( 1371): I 08/19/2014 16:42:12:417 00000566           HttpServer| Process URI: '/public/css/android.css'
I/APP     ( 1371): I 08/19/2014 16:42:12:695 0000055b   RhoWebChromeClient| Replacing Old Rho.ORM with new one!!! -- From line 4058 of http://127.0.0.1:46298/public/api/rhoapi-modules.js
I/Web Console( 1371): Replacing Old Rho.ORM with new one!!! at http://127.0.0.1:46298/public/api/rhoapi-modules.js:4058
I/APP     ( 1371): E 08/19/2014 16:42:12:708 00000562               Rhodes| JNIEnv is not set for this thread!!!
I/APP     ( 1371): I 08/19/2014 16:42:14:035 00000566           HttpServer| Process URI: '/public/jqmobile/images/icons-18-white.png'
I/APP     ( 1371): I 08/19/2014 16:42:14:043 00000566           HttpServer| Process URI: '/public/jqmobile/images/icons-36-white.png'
D/dalvikvm( 1036): GC_EXPLICIT freed 77K, 47% free 3385K/6343K, external 1625K/2137K, paused 245ms
I/APP     ( 1371): I 08/19/2014 16:42:16:264 00000566           HttpServer| Process URI: '/app/Settings/login'
I/APP     ( 1371): I 08/19/2014 16:42:16:265 00000566                  APP| RHO serve: /app/Settings/login
I/APP     ( 1371): I 08/19/2014 16:42:16:266 00000566              RhoRuby| require_compiled: Settings/controller
I/APP     ( 1371): I 08/19/2014 16:42:16:280 00000566              RhoRuby| require_compiled: helpers/browser_helper
I/APP     ( 1371): I 08/19/2014 16:42:16:287 00000566                  APP|  *********** INSIDE login **************
I/APP     ( 1371): I 08/19/2014 16:42:16:310 00000566           HttpServer| GC Start.
I/APP     ( 1371): I 08/19/2014 16:42:16:330 00000566           HttpServer| GC End.
V/SimpleMainView.View( 1371): ms[1408491738907]  Main Window :: onSizeChanged() old [ 480 x 350 ]  new [ 480 x 724 ]
D/dalvikvm(  190): GC_EXTERNAL_ALLOC freed 151K, 53% free 2968K/6215K, external 5762K/5982K, paused 66ms
D/dalvikvm(  740): GC_EXPLICIT freed 88K, 52% free 3112K/6407K, external 2202K/2750K, paused 168ms
W/KeyCharacterMap( 1371): Can't open keycharmap file
W/KeyCharacterMap( 1371): Error loading keycharmap file '/system/usr/keychars/herring-keypad.kcm.bin'. hw.keyboards.0.devname='herring-keypad'
W/KeyCharacterMap( 1371): Using default keymap: /system/usr/keychars/qwerty.kcm.bin
D/dalvikvm( 1227): GC_EXPLICIT freed 1076K, 53% free 3219K/6791K, external 2831K/3279K, paused 109ms
D/dalvikvm(  206): GC_EXPLICIT freed 50K, 47% free 3106K/5767K, external 4575K/4968K, paused 81ms
D/dalvikvm( 1371): GC_EXTERNAL_ALLOC freed 1180K, 53% free 3302K/6919K, external 3496K/3528K, paused 23ms
V/SimpleMainView.View( 1371): ms[1408491765214]  Main Window :: onSizeChanged() old [ 480 x 414 ]  new [ 480 x 350 ]
D/dalvikvm(  190): GC_EXTERNAL_ALLOC freed 208K, 53% free 2956K/6215K, external 5785K/5997K, paused 55ms
D/dalvikvm( 1104): GC_EXPLICIT freed 6K, 60% free 2781K/6919K, external 1625K/2137K, paused 52ms
I/APP     ( 1331): I 08/19/2014 16:42:49:325 0000053d       ClientRegister| Try to (un)register: 3
I/APP     ( 1331): I 08/19/2014 16:42:49:330 0000053d       ClientRegister| Session is empty, do register later
I/APP     ( 1331): I 08/19/2014 16:42:49:331 0000053d       ClientRegister| Waiting for 4294967295 sec to try again to register client
W/KeyCharacterMap( 1371): Can't open keycharmap file
W/KeyCharacterMap( 1371): Error loading keycharmap file '/system/usr/keychars/herring-keypad.kcm.bin'. hw.keyboards.0.devname='herring-keypad'
W/KeyCharacterMap( 1371): Using default keymap: /system/usr/keychars/qwerty.kcm.bin
D/dalvikvm(  425): GC_EXPLICIT freed 36K, 47% free 3578K/6727K, external 1625K/2137K, paused 49ms
V/SimpleMainView.View( 1371): ms[1408491774912]  Main Window :: onSizeChanged() old [ 480 x 724 ]  new [ 480 x 414 ]
I/APP     ( 1371): I 08/19/2014 16:42:54:925 00000566           HttpServer| Process URI: '/app/Settings/do_login'
I/APP     ( 1371): I 08/19/2014 16:42:54:926 00000566                  APP| RHO serve: /app/Settings/do_login
I/APP     ( 1371): I 08/19/2014 16:42:54:928 00000566                  APP| Params: {"login"=>"pushme", "password"=>"qwerty"}
I/APP     ( 1371): I 08/19/2014 16:42:54:929 00000566                 Sync| STOP sync
I/APP     ( 1371): I 08/19/2014 16:42:54:929 00000566                 Sync| addCommand: Login
I/APP     ( 1371): I 08/19/2014 16:42:54:956 00000566           HttpServer| GC Start.
I/APP     ( 1371): I 08/19/2014 16:42:54:987 00000566           HttpServer| GC End.
I/APP     ( 1371): I 08/19/2014 16:42:54:987 00000566           HttpServer| Process URI: '/system/loadallsyncsources'
I/APP     ( 1371): I 08/19/2014 16:42:54:988 00000566                  APP| load_all_sync_sources
I/APP     ( 1371): I 08/19/2014 16:42:54:988 00000566                  APP| load_model: Product
I/APP     ( 1371): I 08/19/2014 16:42:54:997 00000566              RhoRuby| require_compiled: Product/product
I/APP     ( 1371): I 08/19/2014 16:42:54:998 00000566                  APP| model name: Product
I/APP     ( 1371): I 08/19/2014 16:42:54:998 00000566                  APP| model class found
I/APP     ( 1371): I 08/19/2014 16:42:54:999 00000566                  APP| Product : {"sync_type"=>"incremental", "property"=>{}}
I/APP     ( 1371): I 08/19/2014 16:42:55:013 00000566                  APP| init_sources: 
I/APP     ( 1371): I 08/19/2014 16:42:55:014 00000566                  APP| @db_partitions : {"app"=>#<Rho::Database:0x4544a360 @dbpath="/data/data/com.rhomobile.storemanager/rhodata/db/syncdbapp.sqlite", @database=#<Rho::Database::SQLite3:0x4544a348>>, "user"=>#<Rho::Database:0x4544a2e8 @dbpath="/data/data/com.rhomobile.storemanager/rhodata/db/syncdbuser.sqlite", @database=#<Rho::Database::SQLite3:0x4544a2d0>>, "local"=>#<Rho::Database:0x4544a270 @dbpath="/data/data/com.rhomobile.storemanager/rhodata/db/syncdblocal.sqlite", @database=#<Rho::Database::SQLite3:0x4544a258>>}
I/APP     ( 1371): I 08/19/2014 16:42:55:015 00000566                  APP| init_db_sources
I/APP     ( 1371): I 08/19/2014 16:42:55:015 00000566                  APP| start_id: 20003
I/APP     ( 1371): I 08/19/2014 16:42:55:016 00000566                  APP| init_db_sources
I/APP     ( 1371): I 08/19/2014 16:42:55:016 00000566                  APP| start_id: 3
I/APP     ( 1371): I 08/19/2014 16:42:55:149 00000566                  APP| init_db_sources
I/APP     ( 1371): I 08/19/2014 16:42:55:150 00000566                  APP| start_id: 40003
I/APP     ( 1371): I 08/19/2014 16:42:55:150 00000566                  APP| Migrate schema sources: {}
I/APP     ( 1371): I 08/19/2014 16:42:55:150 00000566                  APP| init_schema_sources
I/APP     ( 1371): I 08/19/2014 16:42:55:153 00000566                  APP| END init_schema_sources
I/APP     ( 1371): I 08/19/2014 16:42:55:157 0000056d                  Net| POST request (Pull): http://192.168.1.8:9292/rc/v1/app/login
I/APP     ( 1371): I 08/19/2014 16:42:55:358 0000056d                 Sync| Login callback: Url :; Params: . Error code: 0. Message: 
I/APP     ( 1371): I 08/19/2014 16:42:55:361 00000566           HttpServer| Process URI: '/app/Settings/login_callback'
I/APP     ( 1371): I 08/19/2014 16:42:55:362 00000566                  APP| RHO serve: /app/Settings/login_callback
I/APP     ( 1371): I 08/19/2014 16:42:55:364 00000566                  APP| Params: {"__rho_object"=>{"__rho_inline"=>"0"}, "rho_callback"=>"1"}
I/APP     ( 1371): I 08/19/2014 16:42:55:364 00000566                  APP|  *********** INSIDE login_callback **************
I/APP     ( 1371): I 08/19/2014 16:42:55:365 00000566                 Push| addCommand: 
I/APP     ( 1371): I 08/19/2014 16:42:55:365 00000566                 Sync| addCommand: SyncAll
I/APP     ( 1371): I 08/19/2014 16:42:55:370 00000566           HttpServer| GC Start.
I/APP     ( 1371): I 08/19/2014 16:42:55:375 00000573                 Push| Starting main routine...
I/APP     ( 1371): I 08/19/2014 16:42:55:384 00000573                 Push| ThreadQueue blocked for 4294967295 seconds...
I/APP     ( 1371): I 08/19/2014 16:42:55:384 00000573                 Push| ThreadQueue blocked for 4294967295 seconds...
I/APP     ( 1371): I 08/19/2014 16:42:55:404 00000566           HttpServer| GC End.
I/APP     ( 1371): I 08/19/2014 16:42:55:406 0000056d       ClientRegister| New Sync credentials - user: pushme, sess: rhoconnect_session=BAh7CEkiD3Nlc3Npb25faWQGOgZFVEkiRWU3ZTBhOTkwNWM1NmJjM2IzZmYy%0ANWQ0NGIzNjMyNTI2M2QxYTE1OGRmNjliODBlMjcwNjAzOTMxYjIwODVhNDIG%0AOwBGSSIKbG9naW4GOwBGSWU6GVJlc3RDbGllbnQ6OlJlc3BvbnNlZTohUmVz%0AdENsaWVudDo6QWJzdHJhY3RSZXNwb25zZSILcHVzaG1lCTsAVDoSQG5ldF9o%0AdHRwX3Jlc286EE5ldDo6SFRUUE9LDzoSQGh0dHBfdmVyc2lvbkkiCDEuMQY7%0AAFQ6CkBjb2RlSSIIMjAwBjsAVDoNQG1lc3NhZ2VJIgdPSwY7AFQ6DEBoZWFk%0AZXJ7DUkiEWNvbnRlbnQtdHlwZQY7AFRbBkkiD3RleHQvcGxhaW4GOwBUSSIU%0AeC11YS1jb21wYXRpYmxlBjsAVFsGSSIMSUU9RWRnZQY7AFRJIglldGFnBjsA%0AVFsGSSInImQxOGE0OTIyOTk2NDEyNjQ2YmZiYWI1NDZlZDgwMWMwIgY7AFRJ%0AIhJjYWNoZS1jb250cm9sBjsAVFsGSSIobWF4LWFnZT0wLCBwcml2YXRlLCBt%0AdXN0LXJldmFsaWRhdGUGOwBUSSIReC1yZXF1ZXN0LWlkBjsAVFsGSSIlN2Ix%0AY2UxMzQ2YTU4MWQ1NWJhMjNmY2ZiZTUwOWQ3MzAGOwBUSSIOeC1ydW50aW1l%0ABjsAVFsGSSINMC4wMDI2MjgGOwBUSSIPY29ubmVjdGlvbgY7AFRbBkkiCmNs%0Ab3NlBjsAVEkiC3NlcnZlcgY7AFRbBkkiInRoaW4gMS42LjIgY29kZW5hbWUg%0ARG9jIEJyb3duBjsAVDoKQGJvZHlACToKQHJlYWRUOglAdXJpMDoUQGRlY29k%0AZV9jb250ZW50RjoMQHNvY2tldDA6EEBib2R5X2V4aXN0VDoKQGFyZ3N7CToL%0AbWV0aG9kOglwb3N0Ogh1cmxJIjJodHRwOi8vbG9jYWxob3N0OjMwMDAvcmhv%0AY29ubmVjdC9hdXRoZW50aWNhdGUGOwBUOgxwYXlsb2FkSSJNeyJsb2dpbiI6%0AInB1c2htZSIsInBhc3N3b3JkIjoicXdlcnR5IiwiYXBpX3Rva2VuIjoibXkt%0AcmhvY29ubmVjdC10b2tlbiJ9BjsAVDoMaGVhZGVyc3sHOhFjb250ZW50X3R5%0AcGU6CWpzb246C2FjY2VwdDsbOwtpAchJIg1hcHBfbmFtZQY7AEZJIhBhcHBs%0AaWNhdGlvbgY7AFQ%3D%0A--5df822cfcc311c5d693aeff8a93740c1647d0faa;
I/APP     ( 1371): I 08/19/2014 16:42:55:422 0000055b       SimpleMainView| Cleared URL: http://127.0.0.1:46298/app/Settings
I/APP     ( 1371): I 08/19/2014 16:42:55:433 00000566           HttpServer| Process URI: '/app/Settings'
I/APP     ( 1371): I 08/19/2014 16:42:55:433 00000566                  APP| RHO serve: /app/Settings
I/APP     ( 1371): I 08/19/2014 16:42:55:445 0000056d       ClientRegister| Starting ClientRegister...
I/APP     ( 1371): I 08/19/2014 16:42:55:447 00000568       ClientRegister| Try to (un)register: 3
I/APP     ( 1371): I 08/19/2014 16:42:55:449 00000568       ClientRegister| Device PUSH pin is empty, do register later
I/APP     ( 1371): I 08/19/2014 16:42:55:449 00000568       ClientRegister| Waiting for 4294967295 sec to try again to register client
I/APP     ( 1371): I 08/19/2014 16:42:55:478 00000566 RHO SettingsController| Layout file: /data/data/com.rhomobile.storemanager/rhodata/apps/app/layout_erb.iseq. Content size: 3105
I/RegistrationQueue-ANS( 1104): ANS registration queue - inserting (registration - someappname, pushme, url=http://192.168.1.8:8675, session=rhoconnect_session=BAh7CEkiD3Nlc3Npb25faWQGOgZFVEkiRWU3ZTBhOTkwNWM1NmJjM2IzZmYy%0ANWQ0NGIzNjMyNTI2M2QxYTE1OGRmNjliODBlMjcwNjAzOTMxYjIwODVhNDIG%0AOwBGSSIKbG9naW4GOwBGSWU6GVJlc3RDbGllbnQ6OlJlc3BvbnNlZTohUmVz%0AdENsaWVudDo6QWJzdHJhY3RSZXNwb25zZSILcHVzaG1lCTsAVDoSQG5ldF9o%0AdHRwX3Jlc286EE5ldDo6SFRUUE9LDzoSQGh0dHBfdmVyc2lvbkkiCDEuMQY7%0AAFQ6CkBjb2RlSSIIMjAwBjsAVDoNQG1lc3NhZ2VJIgdPSwY7AFQ6DEBoZWFk%0AZXJ7DUkiEWNvbnRlbnQtdHlwZQY7AFRbBkkiD3RleHQvcGxhaW4GOwBUSSIU%0AeC11YS1jb21wYXRpYmxlBjsAVFsGSSIMSUU9RWRnZQY7AFRJIglldGFnBjsA%0AVFsGSSInImQxOGE0OTIyOTk2NDEyNjQ2YmZiYWI1NDZlZDgwMWMwIgY7AFRJ%0AIhJjYWNoZS1jb250cm9sBjsAVFsGSSIobWF4LWFnZT0wLCBwcml2YXRlLCBt%0AdXN0LXJldmFsaWRhdGUGOwBUSSIReC1yZXF1ZXN0LWlkBjsAVFsGSSIlN2Ix%0AY2UxMzQ2YTU4MWQ1NWJhMjNmY2ZiZTUwOWQ3MzAGOwBUSSIOeC1ydW50aW1l%0ABjsAVFsGSSINMC4wMDI2MjgGOwBUSSIPY29ubmVjdGlvbgY7AFRbBkkiCmNs%0Ab3NlBjsAVEkiC3NlcnZlcgY7AFRbBkkiInRoaW4gMS42LjIgY29kZW5hbWUg%0ARG9jIEJyb3duBjsAVDoKQGJvZHlACToKQHJlYWRUOglAdXJpMDoUQGRlY29k%0AZV9jb250ZW50RjoMQHNvY2tldDA6EEBib2R5X2V4aXN0VDoKQGFyZ3N7CToL%0AbWV0aG9kOglwb3N0Ogh1cmxJIjJodHRwOi8vbG9jYWxob3N0OjMwMDAvcmhv%0AY29ubmVjdC9hdXRoZW50aWNhdGUGOwBUOgxwYXlsb2FkSSJNeyJsb2dpbiI6%0AInB1c2htZSIsInBhc3N3b3JkIjoicXdlcnR5IiwiYXBpX3Rva2VuIjoibXkt%0AcmhvY29ubmVjdC10b2tlbiJ9BjsAVDoMaGVhZGVyc3sHOhFjb250ZW50X3R5%0AcGU6CWpzb246C2FjY2VwdDsbOwtpAchJIg1hcHBfbmFtZQY7AEZJIhBhcHBs%0AaWNhdGlvbgY7AFQ%3D%0A--5df822cfcc311c5d693aeff8a93740c1647d0faa;)
I/APP     ( 1371): I 08/19/2014 16:42:55:506 00000566           HttpServer| GC Start.
I/APP     ( 1371): I 08/19/2014 16:42:55:541 00000566           HttpServer| GC End.
I/APP     ( 1371): I 08/19/2014 16:42:55:541 00000566           HttpServer| Process URI: '/system/loadallsyncsources'
I/APP     ( 1371): I 08/19/2014 16:42:55:546 0000056d                  Net| POST request (Pull): http://192.168.1.8:9292/rc/v1/clients
I/APP     ( 1371): I 08/19/2014 16:42:55:609 0000055b   RhoWebChromeClient| Replacing Old Rho.ORM with new one!!! -- From line 4058 of http://127.0.0.1:46298/public/api/rhoapi-modules.js
I/Web Console( 1371): Replacing Old Rho.ORM with new one!!! at http://127.0.0.1:46298/public/api/rhoapi-modules.js:4058
I/RegistrationQueue-ANS( 1104): ANS registration queue - processing queue element (registration - someappname, pushme, url=http://192.168.1.8:8675, session=rhoconnect_session=BAh7CEkiD3Nlc3Npb25faWQGOgZFVEkiRWU3ZTBhOTkwNWM1NmJjM2IzZmYy%0ANWQ0NGIzNjMyNTI2M2QxYTE1OGRmNjliODBlMjcwNjAzOTMxYjIwODVhNDIG%0AOwBGSSIKbG9naW4GOwBGSWU6GVJlc3RDbGllbnQ6OlJlc3BvbnNlZTohUmVz%0AdENsaWVudDo6QWJzdHJhY3RSZXNwb25zZSILcHVzaG1lCTsAVDoSQG5ldF9o%0AdHRwX3Jlc286EE5ldDo6SFRUUE9LDzoSQGh0dHBfdmVyc2lvbkkiCDEuMQY7%0AAFQ6CkBjb2RlSSIIMjAwBjsAVDoNQG1lc3NhZ2VJIgdPSwY7AFQ6DEBoZWFk%0AZXJ7DUkiEWNvbnRlbnQtdHlwZQY7AFRbBkkiD3RleHQvcGxhaW4GOwBUSSIU%0AeC11YS1jb21wYXRpYmxlBjsAVFsGSSIMSUU9RWRnZQY7AFRJIglldGFnBjsA%0AVFsGSSInImQxOGE0OTIyOTk2NDEyNjQ2YmZiYWI1NDZlZDgwMWMwIgY7AFRJ%0AIhJjYWNoZS1jb250cm9sBjsAVFsGSSIobWF4LWFnZT0wLCBwcml2YXRlLCBt%0AdXN0LXJldmFsaWRhdGUGOwBUSSIReC1yZXF1ZXN0LWlkBjsAVFsGSSIlN2Ix%0AY2UxMzQ2YTU4MWQ1NWJhMjNmY2ZiZTUwOWQ3MzAGOwBUSSIOeC1ydW50aW1l%0ABjsAVFsGSSINMC4wMDI2MjgGOwBUSSIPY29ubmVjdGlvbgY7AFRbBkkiCmNs%0Ab3NlBjsAVEkiC3NlcnZlcgY7AFRbBkkiInRoaW4gMS42LjIgY29kZW5hbWUg%0ARG9jIEJyb3duBjsAVDoKQGJvZHlACToKQHJlYWRUOglAdXJpMDoUQGRlY29k%0AZV9jb250ZW50RjoMQHNvY2tldDA6EEBib2R5X2V4aXN0VDoKQGFyZ3N7CToL%0AbWV0aG9kOglwb3N0Ogh1cmxJIjJodHRwOi8vbG9jYWxob3N0OjMwMDAvcmhv%0AY29ubmVjdC9hdXRoZW50aWNhdGUGOwBUOgxwYXlsb2FkSSJNeyJsb2dpbiI6%0AInB1c2htZSIsInBhc3N3b3JkIjoicXdlcnR5IiwiYXBpX3Rva2VuIjoibXkt%0AcmhvY29ubmVjdC10b2tlbiJ9BjsAVDoMaGVhZGVyc3sHOhFjb250ZW50X3R5%0AcGU6CWpzb246C2FjY2VwdDsbOwtpAchJIg1hcHBfbmFtZQY7AEZJIhBhcHBs%0AaWNhdGlvbgY7AFQ%3D%0A--5df822cfcc311c5d693aeff8a93740c1647d0faa;)
I/RegistrationQueue-ANS( 1104): ---> Registering: http://192.168.1.8:8675, app = someappname
I/APP     ( 1371): I 08/19/2014 16:42:55:672 0000056d                 Sync| Sync server changes source ID :3
I/APP     ( 1371): I 08/19/2014 16:42:55:672 0000056d                 Sync| Pull changes from server. Url: http://192.168.1.8:9292/app/v1/Product?p_size=2000&version=3
I/APP     ( 1371): I 08/19/2014 16:42:55:673 0000056d                  Net| GET request (Pull): http://192.168.1.8:9292/app/v1/Product?p_size=2000&version=3
I/APP     ( 1371): I 08/19/2014 16:42:55:745 0000056d                 Sync| Got 5(Processed: 0) records of 5 from server. Source: Product. Version: 3
I/APP     ( 1371): I 08/19/2014 16:42:55:746 0000056d                 Sync| SyncSource: pass_through = false
I/APP     ( 1371): I 08/19/2014 16:42:55:778 0000056d                 Sync| Fire notification. Source : Product; Url :; Params: 
I/APP     ( 1371): I 08/19/2014 16:42:55:779 00000566           HttpServer| Process URI: '/app/Settings/sync_notify'
I/APP     ( 1371): I 08/19/2014 16:42:55:780 00000566                  APP| RHO serve: /app/Settings/sync_notify
I/APP     ( 1371): I 08/19/2014 16:42:55:781 00000566                  APP| Params: {"__rho_object"=>{"__rho_inline"=>"0"}, "rho_callback"=>"1"}
I/APP     ( 1371): I 08/19/2014 16:42:55:783 0000056d                 Sync| Clear notification. Source : Product
I/APP     ( 1371): I 08/19/2014 16:42:55:784 0000056d                 Sync| Pull changes from server. Url: http://192.168.1.8:9292/app/v1/Product?p_size=2000&version=3&token=177694976604244
I/APP     ( 1371): I 08/19/2014 16:42:55:784 0000056d                  Net| GET request (Pull): http://192.168.1.8:9292/app/v1/Product?p_size=2000&version=3&token=177694976604244
I/APP     ( 1371): I 08/19/2014 16:42:55:785 00000566           HttpServer| GC Start.
I/APP     ( 1371): I 08/19/2014 16:42:55:806 00000566           HttpServer| GC End.
I/APP     ( 1371): I 08/19/2014 16:42:55:845 0000056d                 Sync| Got 0(Processed: 35) records of 5 from server. Source: Product. Version: 3
I/APP     ( 1371): I 08/19/2014 16:42:55:846 0000056d                 Sync| SyncSource: pass_through = false
I/RegistrationQueue-ANS( 1104): ANS registration queue - inserting (registration - someappname, pushme, url=http://192.168.1.8:8675, session=rhoconnect_session=BAh7CEkiD3Nlc3Npb25faWQGOgZFVEkiRWU3ZTBhOTkwNWM1NmJjM2IzZmYy%0ANWQ0NGIzNjMyNTI2M2QxYTE1OGRmNjliODBlMjcwNjAzOTMxYjIwODVhNDIG%0AOwBGSSIKbG9naW4GOwBGSWU6GVJlc3RDbGllbnQ6OlJlc3BvbnNlZTohUmVz%0AdENsaWVudDo6QWJzdHJhY3RSZXNwb25zZSILcHVzaG1lCTsAVDoSQG5ldF9o%0AdHRwX3Jlc286EE5ldDo6SFRUUE9LDzoSQGh0dHBfdmVyc2lvbkkiCDEuMQY7%0AAFQ6CkBjb2RlSSIIMjAwBjsAVDoNQG1lc3NhZ2VJIgdPSwY7AFQ6DEBoZWFk%0AZXJ7DUkiEWNvbnRlbnQtdHlwZQY7AFRbBkkiD3RleHQvcGxhaW4GOwBUSSIU%0AeC11YS1jb21wYXRpYmxlBjsAVFsGSSIMSUU9RWRnZQY7AFRJIglldGFnBjsA%0AVFsGSSInImQxOGE0OTIyOTk2NDEyNjQ2YmZiYWI1NDZlZDgwMWMwIgY7AFRJ%0AIhJjYWNoZS1jb250cm9sBjsAVFsGSSIobWF4LWFnZT0wLCBwcml2YXRlLCBt%0AdXN0LXJldmFsaWRhdGUGOwBUSSIReC1yZXF1ZXN0LWlkBjsAVFsGSSIlN2Ix%0AY2UxMzQ2YTU4MWQ1NWJhMjNmY2ZiZTUwOWQ3MzAGOwBUSSIOeC1ydW50aW1l%0ABjsAVFsGSSINMC4wMDI2MjgGOwBUSSIPY29ubmVjdGlvbgY7AFRbBkkiCmNs%0Ab3NlBjsAVEkiC3NlcnZlcgY7AFRbBkkiInRoaW4gMS42LjIgY29kZW5hbWUg%0ARG9jIEJyb3duBjsAVDoKQGJvZHlACToKQHJlYWRUOglAdXJpMDoUQGRlY29k%0AZV9jb250ZW50RjoMQHNvY2tldDA6EEBib2R5X2V4aXN0VDoKQGFyZ3N7CToL%0AbWV0aG9kOglwb3N0Ogh1cmxJIjJodHRwOi8vbG9jYWxob3N0OjMwMDAvcmhv%0AY29ubmVjdC9hdXRoZW50aWNhdGUGOwBUOgxwYXlsb2FkSSJNeyJsb2dpbiI6%0AInB1c2htZSIsInBhc3N3b3JkIjoicXdlcnR5IiwiYXBpX3Rva2VuIjoibXkt%0AcmhvY29ubmVjdC10b2tlbiJ9BjsAVDoMaGVhZGVyc3sHOhFjb250ZW50X3R5%0AcGU6CWpzb246C2FjY2VwdDsbOwtpAchJIg1hcHBfbmFtZQY7AEZJIhBhcHBs%0AaWNhdGlvbgY7AFQ%3D%0A--5df822cfcc311c5d693aeff8a93740c1647d0faa;)
I/APP     ( 1371): I 08/19/2014 16:42:55:879 0000056d                 Sync| Fire notification. Source : Product; Url :; Params: 
I/APP     ( 1371): I 08/19/2014 16:42:55:881 00000566           HttpServer| Process URI: '/app/Settings/sync_notify'
I/APP     ( 1371): I 08/19/2014 16:42:55:881 00000566                  APP| RHO serve: /app/Settings/sync_notify
I/APP     ( 1371): I 08/19/2014 16:42:55:883 00000566                  APP| Params: {"__rho_object"=>{"__rho_inline"=>"0"}, "rho_callback"=>"1"}
I/APP     ( 1371): I 08/19/2014 16:42:55:884 00000566           HttpServer| GC Start.
I/APP     ( 1371): I 08/19/2014 16:42:55:885 0000056d                 Sync| Clear notification. Source : Product
I/APP     ( 1371): I 08/19/2014 16:42:55:885 0000056d                 Sync| Fire notification. Source : ; Url :; Params: 
I/APP     ( 1371): I 08/19/2014 16:42:55:905 00000566           HttpServer| GC End.
I/APP     ( 1371): I 08/19/2014 16:42:55:906 00000566           HttpServer| Process URI: '/app/Settings/sync_notify'
I/APP     ( 1371): I 08/19/2014 16:42:55:907 00000566                  APP| RHO serve: /app/Settings/sync_notify
I/APP     ( 1371): I 08/19/2014 16:42:55:911 00000566                  APP| Params: {"__rho_object"=>{"__rho_inline"=>"0"}, "rho_callback"=>"1"}
