I/APP     ( 1562): I 09/02/2014 12:39:40:020 0000062c                 Sync| Sync server changes source ID :3
I/APP     ( 1562): I 09/02/2014 12:39:40:020 0000062c                 Sync| Pull changes from server. Url: http://192.168.1.14:9292/app/v1/Product?p_size=2000&version=3
I/APP     ( 1562): I 09/02/2014 12:39:40:020 0000062c                  Net| GET request (Pull): http://192.168.1.14:9292/app/v1/Product?p_size=2000&version=3
I/APP     ( 1562): I 09/02/2014 12:39:40:024 00000648       ClientRegister| Device PUSH pin is empty, do register later
I/APP     ( 1562): I 09/02/2014 12:39:40:024 00000648       ClientRegister| Waiting for 4294967295 sec to try again to register client
I/APP     ( 1562): I 09/02/2014 12:39:40:024 00000648       ClientRegister| Try to (un)register: 2
I/APP     ( 1562): I 09/02/2014 12:39:40:027 00000648       ClientRegister| Device PUSH pin is empty, do register later
I/APP     ( 1562): I 09/02/2014 12:39:40:027 00000648       ClientRegister| Waiting for 4294967295 sec to try again to register client
I/RegistrationQueue-ANS( 1587): ANS registration queue - inserting (registration - someappname, push, url=http://192.168.1.14:8675, session=rhoconnect_session=BAh7CEkiD3Nlc3Npb25faWQGOgZFVEkiRTU5NmM3MWQ1MjdjODg0YWFjZDQw%0ANjgwYThhZWVlOTdkNjdhODMwYWI2NTM1MjVkYzc4MjAwOTE2OTIxNmViMjEG%0AOwBGSSIKbG9naW4GOwBGSSIJcHVzaAY7AFRJIg1hcHBfbmFtZQY7AEZJIhBh%0AcHBsaWNhdGlvbgY7AFQ%3D%0A--61f3bbbd16ce414eab854bc1aa70e462058f7fd6;)
I/APP     ( 1562): I 09/02/2014 12:39:40:080 00000625 RHO SettingsController| Layout file: /data/data/com.rhomobile.storepushdemo/rhodata/apps/app/layout_erb.iseq. Content size: 3137
I/APP     ( 1562): I 09/02/2014 12:39:40:106 0000062c                 Sync| Got 0(Processed: 0) records of 5 from server. Source: Product. Version: 3
I/APP     ( 1562): I 09/02/2014 12:39:40:106 0000062c                 Sync| SyncSource: pass_through = false
I/APP     ( 1562): I 09/02/2014 12:39:40:114 00000625           HttpServer| GC Start.
I/APP     ( 1562): I 09/02/2014 12:39:40:142 0000062c                 Sync| Fire notification. Source : Product; Url :; Params: 
I/APP     ( 1562): I 09/02/2014 12:39:40:153 00000625           HttpServer| GC End.
I/APP     ( 1562): I 09/02/2014 12:39:40:153 00000625           HttpServer| Process URI: '/app/Settings/sync_notify'
I/APP     ( 1562): I 09/02/2014 12:39:40:154 00000625                  APP| RHO serve: /app/Settings/sync_notify
I/APP     ( 1562): I 09/02/2014 12:39:40:163 00000625                  APP| Params: {"__rho_object"=>{"__rho_inline"=>"0"}, "rho_callback"=>"1"}
I/APP     ( 1562): I 09/02/2014 12:39:40:165 0000062c                 Sync| Clear notification. Source : Product
I/APP     ( 1562): I 09/02/2014 12:39:40:165 0000062c                 Sync| Fire notification. Source : ; Url :; Params: 
I/APP     ( 1562): I 09/02/2014 12:39:40:167 00000625           HttpServer| GC Start.
I/APP     ( 1562): I 09/02/2014 12:39:40:196 00000625           HttpServer| GC End.
I/APP     ( 1562): I 09/02/2014 12:39:40:196 00000625           HttpServer| Process URI: '/app/Settings/sync_notify'
I/APP     ( 1562): I 09/02/2014 12:39:40:197 00000625                  APP| RHO serve: /app/Settings/sync_notify
I/APP     ( 1562): I 09/02/2014 12:39:40:208 00000625                  APP| Params: {"__rho_object"=>{"__rho_inline"=>"0"}, "rho_callback"=>"1"}
I/APP     ( 1562): I 09/02/2014 12:39:40:209 0000061a       SimpleMainView| Cleared URL: http://127.0.0.1:59300/app
I/APP     ( 1562): I 09/02/2014 12:39:40:212 0000062c                 Sync| Clear notification. Source : 
I/APP     ( 1562): I 09/02/2014 12:39:40:212 0000062c                 Sync| ThreadQueue blocked for 4294967295 seconds...
I/APP     ( 1562): I 09/02/2014 12:39:40:212 0000062c                 Sync| ThreadQueue blocked for 4294967295 seconds...
I/APP     ( 1562): I 09/02/2014 12:39:40:212 00000625           HttpServer| GC Start.
I/APP     ( 1562): I 09/02/2014 12:39:40:235 00000625           HttpServer| GC End.
I/APP     ( 1562): I 09/02/2014 12:39:40:257 0000061a   RhoWebChromeClient| Replacing Old Rho.ORM with new one!!! -- From line 4058 of http://127.0.0.1:59300/public/api/rhoapi-modules.js
I/Web Console( 1562): Replacing Old Rho.ORM with new one!!! at http://127.0.0.1:59300/public/api/rhoapi-modules.js:4058
I/RegistrationQueue-ANS( 1587): ANS registration queue - processing queue element (registration - someappname, push, url=http://192.168.1.14:8675, session=rhoconnect_session=BAh7CEkiD3Nlc3Npb25faWQGOgZFVEkiRTU5NmM3MWQ1MjdjODg0YWFjZDQw%0ANjgwYThhZWVlOTdkNjdhODMwYWI2NTM1MjVkYzc4MjAwOTE2OTIxNmViMjEG%0AOwBGSSIKbG9naW4GOwBGSSIJcHVzaAY7AFRJIg1hcHBfbmFtZQY7AEZJIhBh%0AcHBsaWNhdGlvbgY7AFQ%3D%0A--61f3bbbd16ce414eab854bc1aa70e462058f7fd6;)
I/RegistrationQueue-ANS( 1587): ---> Registering: http://192.168.1.14:8675, app = someappname
I/RegistrationQueue-ANS( 1587): ANS registration queue - inserting (registration - someappname, push, url=http://192.168.1.14:8675, session=rhoconnect_session=BAh7CEkiD3Nlc3Npb25faWQGOgZFVEkiRTU5NmM3MWQ1MjdjODg0YWFjZDQw%0ANjgwYThhZWVlOTdkNjdhODMwYWI2NTM1MjVkYzc4MjAwOTE2OTIxNmViMjEG%0AOwBGSSIKbG9naW4GOwBGSSIJcHVzaAY7AFRJIg1hcHBfbmFtZQY7AEZJIhBh%0AcHBsaWNhdGlvbgY7AFQ%3D%0A--61f3bbbd16ce414eab854bc1aa70e462058f7fd6;)
I/RegistrationQueue-ANS( 1587): ANS registration queue - inserting (registration - someappname, push, url=http://192.168.1.14:8675, session=rhoconnect_session=BAh7CEkiD3Nlc3Npb25faWQGOgZFVEkiRTU5NmM3MWQ1MjdjODg0YWFjZDQw%0ANjgwYThhZWVlOTdkNjdhODMwYWI2NTM1MjVkYzc4MjAwOTE2OTIxNmViMjEG%0AOwBGSSIKbG9naW4GOwBGSSIJcHVzaAY7AFRJIg1hcHBfbmFtZQY7AEZJIhBh%0AcHBsaWNhdGlvbgY7AFQ%3D%0A--61f3bbbd16ce414eab854bc1aa70e462058f7fd6;)
I/APP     ( 1562): I 09/02/2014 12:39:40:950 00000625           HttpServer| Process URI: '/app'
I/APP     ( 1562): I 09/02/2014 12:39:40:979 0000061a     RhoWebViewClient| Loading URL: http://127.0.0.1:59300/app/index_erb.iseq
I/APP     ( 1562): I 09/02/2014 12:39:40:983 00000625           HttpServer| Process URI: '/app/index_erb.iseq'
I/APP     ( 1562): I 09/02/2014 12:39:40:990 00000625                  APP| RHO serve_index: /app/index_erb.iseq
I/APP     ( 1562): I 09/02/2014 12:39:40:990 00000625 RHO Rho::RhoController| inst_render_index
I/APP     ( 1562): I 09/02/2014 12:39:41:000 00000625 RHO Rho::RhoController| index layout
I/APP     ( 1562): I 09/02/2014 12:39:41:023 00000625           HttpServer| GC Start.
I/APP     ( 1562): I 09/02/2014 12:39:41:057 00000625           HttpServer| GC End.
I/APP     ( 1562): I 09/02/2014 12:39:41:120 0000061a   RhoWebChromeClient| Replacing Old Rho.ORM with new one!!! -- From line 4058 of http://127.0.0.1:59300/public/api/rhoapi-modules.js
I/Web Console( 1562): Replacing Old Rho.ORM with new one!!! at http://127.0.0.1:59300/public/api/rhoapi-modules.js:4058
I/ConnectionHandler-ANS( 1587): ANS Checking registrations to see if any connections need to be created...
I/ConnectionHandler-ANS( 1587): ===> Setting up connection for http://192.168.1.14:8675
I/APP     ( 1562): I 09/02/2014 12:39:41:785 0000061a ANSBroadcastReceiver| Rhoconnect-push registration succeded
I/ConnectionHandler-ANS( 1587): ANS connection handler started for http://192.168.1.14:8675
I/ConnectionHandler-ANS( 1587): ANS initiating nextMessage fetch for http://192.168.1.14:8675
I/ConnectionHandler-ANS( 1587): ===> Establishing connection to http://192.168.1.14:8675...
I/APP     ( 1562): I 09/02/2014 12:39:41:801 0000061a        RhodesService| handleCommand: startId=6, source=com.rhomobile.rhodes.PushContract
I/APP     ( 1562): I 09/02/2014 12:39:41:801 0000061a        RhodesService| Received PUSH registration id: 2c578ca7-a22d-4668-a9f5-6559ef4bbc9c:e3ac23fb93ee5e508ba1a365f54c2e38
I/APP     ( 1562): I 09/02/2014 12:39:41:801 0000061a       ClientRegister| Starting ClientRegister...
I/APP     ( 1562): I 09/02/2014 12:39:41:801 00000648       ClientRegister| Try to (un)register: 3
I/APP     ( 1562): I 09/02/2014 12:39:41:802 00000648       ClientRegister| getRegisterBody() BODY is: {"device_pin":"2c578ca7-a22d-4668-a9f5-6559ef4bbc9c:e3ac23fb93ee5e508ba1a365f54c2e38","phone_id":"94f695dd-ced1-34e4-a5b4-d0609535383a","device_port":"100","device_type":"ANDROID","device_push_type":"rhoconnect_push"}
I/APP     ( 1562): I 09/02/2014 12:39:41:803 00000648                  Net| POST request (Pull): http://192.168.1.14:9292/rc/v1/clients/6406d7159acf3e000bc31aabd251a6b0/register
I/APP     ( 1562): I 09/02/2014 12:39:41:805 0000061a       ClientRegister| Starting ClientRegister...
I/RegistrationQueue-ANS( 1587): ANS registration queue - processing queue element (registration - someappname, push, url=http://192.168.1.14:8675, session=rhoconnect_session=BAh7CEkiD3Nlc3Npb25faWQGOgZFVEkiRTU5NmM3MWQ1MjdjODg0YWFjZDQw%0ANjgwYThhZWVlOTdkNjdhODMwYWI2NTM1MjVkYzc4MjAwOTE2OTIxNmViMjEG%0AOwBGSSIKbG9naW4GOwBGSSIJcHVzaAY7AFRJIg1hcHBfbmFtZQY7AEZJIhBh%0AcHBsaWNhdGlvbgY7AFQ%3D%0A--61f3bbbd16ce414eab854bc1aa70e462058f7fd6;)
I/ConnectionHandler-ANS( 1587): ANS Checking registrations to see if any connections need to be created...
I/ConnectionHandler-ANS( 1587): ===> Connection already exists for http://192.168.1.14:8675
D/ANSApplication-ANS( 1587): @@@@@ WARNING - element not found @@@@@
I/RegistrationQueue-ANS( 1587): ANS registration queue - processing queue element (registration - someappname, push, url=http://192.168.1.14:8675, session=rhoconnect_session=BAh7CEkiD3Nlc3Npb25faWQGOgZFVEkiRTU5NmM3MWQ1MjdjODg0YWFjZDQw%0ANjgwYThhZWVlOTdkNjdhODMwYWI2NTM1MjVkYzc4MjAwOTE2OTIxNmViMjEG%0AOwBGSSIKbG9naW4GOwBGSSIJcHVzaAY7AFRJIg1hcHBfbmFtZQY7AEZJIhBh%0AcHBsaWNhdGlvbgY7AFQ%3D%0A--61f3bbbd16ce414eab854bc1aa70e462058f7fd6;)
I/APP     ( 1562): I 09/02/2014 12:39:41:838 0000061a ANSBroadcastReceiver| Rhoconnect-push registration succeded
I/ConnectionHandler-ANS( 1587): ANS Checking registrations to see if any connections need to be created...
I/ConnectionHandler-ANS( 1587): ===> Connection already exists for http://192.168.1.14:8675
D/ANSApplication-ANS( 1587): @@@@@ WARNING - element not found @@@@@
I/APP     ( 1562): I 09/02/2014 12:39:41:855 0000061a        RhodesService| handleCommand: startId=7, source=com.rhomobile.rhodes.PushContract
I/APP     ( 1562): I 09/02/2014 12:39:41:856 0000061a        RhodesService| Received PUSH registration id: 2c578ca7-a22d-4668-a9f5-6559ef4bbc9c:e3ac23fb93ee5e508ba1a365f54c2e38
I/APP     ( 1562): I 09/02/2014 12:39:41:856 0000061a       ClientRegister| Starting ClientRegister...
I/APP     ( 1562): I 09/02/2014 12:39:41:856 0000061a       ClientRegister| Starting ClientRegister...
I/APP     ( 1562): I 09/02/2014 12:39:41:857 0000061a ANSBroadcastReceiver| Rhoconnect-push registration succeded
I/APP     ( 1562): I 09/02/2014 12:39:41:873 0000061a        RhodesService| handleCommand: startId=8, source=com.rhomobile.rhodes.PushContract
I/APP     ( 1562): I 09/02/2014 12:39:41:874 0000061a        RhodesService| Received PUSH registration id: 2c578ca7-a22d-4668-a9f5-6559ef4bbc9c:e3ac23fb93ee5e508ba1a365f54c2e38
I/APP     ( 1562): I 09/02/2014 12:39:41:874 0000061a       ClientRegister| Starting ClientRegister...
I/APP     ( 1562): I 09/02/2014 12:39:41:874 0000061a       ClientRegister| Starting ClientRegister...
I/APP     ( 1562): I 09/02/2014 12:39:41:919 00000648       ClientRegister| Registered client sucessfully...
I/APP     ( 1562): I 09/02/2014 12:39:41:920 00000648       ClientRegister| Registered: 3
I/APP     ( 1562): I 09/02/2014 12:39:41:920 00000648       ClientRegister| ClientRegister thread shutdown
D/dalvikvm( 1587): GC_CONCURRENT freed 568K, 54% free 3153K/6791K, external 1625K/2137K, paused 2ms+5ms
I/ConnectionHandler-ANS( 1587): ===> Response code = 200 from http://192.168.1.14:8675
I/APP     ( 1562): I 09/02/2014 12:40:00:114 0000061a        RhodesService| handleCommand: startId=9, source=com.rhomobile.rhodes.PushContract
I/APP     ( 1562): I 09/02/2014 12:40:00:118 00000625           HttpServer| Process URI: '/app/Settings/push_callback'
I/APP     ( 1562): I 09/02/2014 12:40:00:120 00000625                  APP| RHO serve: /app/Settings/push_callback
I/APP     ( 1562): I 09/02/2014 12:40:00:123 00000625                  APP| Params: {"__rho_object"=>{"__rho_inline"=>"0"}, "rho_callback"=>"1"}
I/APP     ( 1562): I 09/02/2014 12:40:00:124 00000625                  APP|  *********** INSIDE push_callback **************
I/APP     ( 1562): I 09/02/2014 12:40:00:124 00000625                  APP| {"rho_callback"=>"1", "vibrate"=>"2000", "sound"=>"welcome.mp3", "alert"=>"push me", "do_sync"=>["Product"]}
I/APP     ( 1562): I 09/02/2014 12:40:00:132 0000061a       SimpleMainView| Cleared URL: http://127.0.0.1:59300/app
I/APP     ( 1562): I 09/02/2014 12:40:00:141 00000625           HttpServer| GC Start.
I/APP     ( 1562): I 09/02/2014 12:40:00:191 00000625           HttpServer| GC End.
I/APP     ( 1562): I 09/02/2014 12:40:00:192 00000625           HttpServer| Process URI: '/app'
I/APP     ( 1562): I 09/02/2014 12:40:00:221 00000625           HttpServer| Process URI: '/app/index_erb.iseq'
I/APP     ( 1562): I 09/02/2014 12:40:00:226 00000625                  APP| RHO serve_index: /app/index_erb.iseq
I/APP     ( 1562): I 09/02/2014 12:40:00:227 00000625 RHO Rho::RhoController| inst_render_index
I/APP     ( 1562): I 09/02/2014 12:40:00:233 00000625 RHO Rho::RhoController| index layout
I/ConnectionHandler-ANS( 1587): ===> message received and processed from http://192.168.1.14:8675
I/ConnectionHandler-ANS( 1587): ==================================
I/ConnectionHandler-ANS( 1587): ANS initiating nextMessage fetch for http://192.168.1.14:8675
I/ConnectionHandler-ANS( 1587): ===> Establishing connection to http://192.168.1.14:8675...
I/APP     ( 1562): I 09/02/2014 12:40:00:272 00000625           HttpServer| GC Start.
I/APP     ( 1562): I 09/02/2014 12:40:00:300 00000625           HttpServer| GC End.
D/dalvikvm( 1562): GC_CONCURRENT freed 1213K, 51% free 3671K/7367K, external 3565K/4409K, paused 2ms+2ms
I/APP     ( 1562): I 09/02/2014 12:40:00:414 0000061a   RhoWebChromeClient| Replacing Old Rho.ORM with new one!!! -- From line 4058 of http://127.0.0.1:59300/public/api/rhoapi-modules.js
I/Web Console( 1562): Replacing Old Rho.ORM with new one!!! at http://127.0.0.1:59300/public/api/rhoapi-modules.js:4058
I/ConnectionHandler-ANS( 1587): ===> Response code = 200 from http://192.168.1.14:8675
I/APP     ( 1562): I 09/02/2014 12:40:17:637 0000061a        RhodesService| handleCommand: startId=10, source=com.rhomobile.rhodes.PushContract
I/APP     ( 1562): I 09/02/2014 12:40:17:641 00000625           HttpServer| Process URI: '/app/Settings/push_callback'
I/APP     ( 1562): I 09/02/2014 12:40:17:642 00000625                  APP| RHO serve: /app/Settings/push_callback
I/APP     ( 1562): I 09/02/2014 12:40:17:643 00000625                  APP| Params: {"__rho_object"=>{"__rho_inline"=>"0"}, "rho_callback"=>"1"}
I/APP     ( 1562): I 09/02/2014 12:40:17:643 00000625                  APP|  *********** INSIDE push_callback **************
I/APP     ( 1562): I 09/02/2014 12:40:17:643 00000625                  APP| {"rho_callback"=>"1", "vibrate"=>"", "do_sync"=>["Product"]}
I/APP     ( 1562): I 09/02/2014 12:40:17:644 00000625                 Sync| addCommand: SyncAll
I/APP     ( 1562): I 09/02/2014 12:40:17:648 00000625           HttpServer| GC Start.
I/APP     ( 1562): I 09/02/2014 12:40:17:652 0000061a       SimpleMainView| Cleared URL: http://127.0.0.1:59300/app
I/APP     ( 1562): I 09/02/2014 12:40:17:683 00000625           HttpServer| GC End.
I/APP     ( 1562): I 09/02/2014 12:40:17:683 00000625           HttpServer| Process URI: '/system/loadallsyncsources'
I/APP     ( 1562): I 09/02/2014 12:40:17:698 00000625           HttpServer| Process URI: '/app'
I/APP     ( 1562): I 09/02/2014 12:40:17:736 00000625           HttpServer| Process URI: '/app/index_erb.iseq'
I/APP     ( 1562): I 09/02/2014 12:40:17:740 0000062c                 Sync| Sync server changes source ID :3
I/APP     ( 1562): I 09/02/2014 12:40:17:741 0000062c                 Sync| Pull changes from server. Url: http://192.168.1.14:9292/app/v1/Product?p_size=2000&version=3
I/APP     ( 1562): I 09/02/2014 12:40:17:741 0000062c                  Net| GET request (Pull): http://192.168.1.14:9292/app/v1/Product?p_size=2000&version=3
I/APP     ( 1562): I 09/02/2014 12:40:17:745 00000625                  APP| RHO serve_index: /app/index_erb.iseq
I/ConnectionHandler-ANS( 1587): ===> message received and processed from http://192.168.1.14:8675
I/ConnectionHandler-ANS( 1587): ==================================
I/APP     ( 1562): I 09/02/2014 12:40:17:749 00000625 RHO Rho::RhoController| inst_render_index
I/APP     ( 1562): I 09/02/2014 12:40:17:756 00000625 RHO Rho::RhoController| index layout
I/APP     ( 1562): I 09/02/2014 12:40:17:782 00000625           HttpServer| GC Start.
I/APP     ( 1562): I 09/02/2014 12:40:17:807 00000625           HttpServer| GC End.
I/APP     ( 1562): I 09/02/2014 12:40:17:818 0000062c                 Sync| Got 2(Processed: 0) records of 5 from server. Source: Product. Version: 3
I/APP     ( 1562): I 09/02/2014 12:40:17:819 0000062c                 Sync| SyncSource: pass_through = false
I/ConnectionHandler-ANS( 1587): ANS initiating nextMessage fetch for http://192.168.1.14:8675
I/ConnectionHandler-ANS( 1587): ===> Establishing connection to http://192.168.1.14:8675...
I/APP     ( 1562): I 09/02/2014 12:40:17:847 0000062c                 Sync| Fire notification. Source : Product; Url :; Params: 
I/APP     ( 1562): I 09/02/2014 12:40:17:848 00000625           HttpServer| Process URI: '/app/Settings/sync_notify'
I/APP     ( 1562): I 09/02/2014 12:40:17:849 00000625                  APP| RHO serve: /app/Settings/sync_notify
I/APP     ( 1562): I 09/02/2014 12:40:17:851 00000625                  APP| Params: {"__rho_object"=>{"__rho_inline"=>"0"}, "rho_callback"=>"1"}
I/APP     ( 1562): I 09/02/2014 12:40:17:852 00000625           HttpServer| GC Start.
I/APP     ( 1562): I 09/02/2014 12:40:17:855 0000062c                 Sync| Clear notification. Source : Product
I/APP     ( 1562): I 09/02/2014 12:40:17:855 0000062c                 Sync| Pull changes from server. Url: http://192.168.1.14:9292/app/v1/Product?p_size=2000&version=3&token=178890018369478
I/APP     ( 1562): I 09/02/2014 12:40:17:856 0000062c                  Net| GET request (Pull): http://192.168.1.14:9292/app/v1/Product?p_size=2000&version=3&token=178890018369478
I/APP     ( 1562): I 09/02/2014 12:40:17:884 00000625           HttpServer| GC End.
I/APP     ( 1562): I 09/02/2014 12:40:17:915 0000062c                 Sync| Got 0(Processed: 4) records of 5 from server. Source: Product. Version: 3
I/APP     ( 1562): I 09/02/2014 12:40:17:916 0000062c                 Sync| SyncSource: pass_through = false
I/APP     ( 1562): I 09/02/2014 12:40:17:949 0000061a   RhoWebChromeClient| Replacing Old Rho.ORM with new one!!! -- From line 4058 of http://127.0.0.1:59300/public/api/rhoapi-modules.js
I/Web Console( 1562): Replacing Old Rho.ORM with new one!!! at http://127.0.0.1:59300/public/api/rhoapi-modules.js:4058
I/APP     ( 1562): I 09/02/2014 12:40:17:958 0000062c                 Sync| Fire notification. Source : Product; Url :; Params: 
I/APP     ( 1562): I 09/02/2014 12:40:17:960 00000625           HttpServer| Process URI: '/app/Settings/sync_notify'
I/APP     ( 1562): I 09/02/2014 12:40:17:961 00000625                  APP| RHO serve: /app/Settings/sync_notify
I/APP     ( 1562): I 09/02/2014 12:40:17:962 00000625                  APP| Params: {"__rho_object"=>{"__rho_inline"=>"0"}, "rho_callback"=>"1"}
I/APP     ( 1562): I 09/02/2014 12:40:17:964 0000062c                 Sync| Clear notification. Source : Product
I/APP     ( 1562): I 09/02/2014 12:40:17:964 0000062c                 Sync| Fire notification. Source : ; Url :; Params: 
I/APP     ( 1562): I 09/02/2014 12:40:17:966 00000625           HttpServer| GC Start.
I/APP     ( 1562): I 09/02/2014 12:40:17:981 00000625           HttpServer| GC End.
I/APP     ( 1562): I 09/02/2014 12:40:17:982 00000625           HttpServer| Process URI: '/app/Settings/sync_notify'
I/APP     ( 1562): I 09/02/2014 12:40:17:982 00000625                  APP| RHO serve: /app/Settings/sync_notify
I/APP     ( 1562): I 09/02/2014 12:40:17:984 00000625                  APP| Params: {"__rho_object"=>{"__rho_inline"=>"0"}, "rho_callback"=>"1"}
I/APP     ( 1562): I 09/02/2014 12:40:17:985 0000061a       SimpleMainView| Cleared URL: http://127.0.0.1:59300/app
I/APP     ( 1562): I 09/02/2014 12:40:18:009 0000062c                 Sync| Clear notification. Source : 
I/APP     ( 1562): I 09/02/2014 12:40:18:009 0000062c                 Sync| ThreadQueue blocked for 4294967295 seconds...
I/APP     ( 1562): I 09/02/2014 12:40:18:009 00000625           HttpServer| GC Start.
I/APP     ( 1562): I 09/02/2014 12:40:18:030 00000625           HttpServer| GC End.
I/APP     ( 1562): I 09/02/2014 12:40:18:478 00000625           HttpServer| Process URI: '/app'
I/APP     ( 1562): I 09/02/2014 12:40:18:511 00000625           HttpServer| Process URI: '/app/index_erb.iseq'
I/APP     ( 1562): I 09/02/2014 12:40:18:516 00000625                  APP| RHO serve_index: /app/index_erb.iseq
I/APP     ( 1562): I 09/02/2014 12:40:18:516 00000625 RHO Rho::RhoController| inst_render_index
I/APP     ( 1562): I 09/02/2014 12:40:18:533 00000625 RHO Rho::RhoController| index layout
I/APP     ( 1562): I 09/02/2014 12:40:18:568 00000625           HttpServer| GC Start.
I/APP     ( 1562): I 09/02/2014 12:40:18:612 00000625           HttpServer| GC End.
I/APP     ( 1562): I 09/02/2014 12:40:18:989 0000061a   RhoWebChromeClient| Replacing Old Rho.ORM with new one!!! -- From line 4058 of http://127.0.0.1:59300/public/api/rhoapi-modules.js
I/Web Console( 1562): Replacing Old Rho.ORM with new one!!! at http://127.0.0.1:59300/public/api/rhoapi-modules.js:4058
