W/ActivityManager(  110): Scheduling restart of crashed service com.motsolutions.cto.services.ans/.ANSKeepAliveService in 5000ms
I/ActivityManager(  110):   Force stopping service ServiceRecord{40864b98 com.motsolutions.cto.services.ans/.ANSKeepAliveService}
W/InputManagerService(  110): Window already focused, ignoring focus gain of: com.android.internal.view.IInputMethodClient$Stub$Proxy@40698aa8
I/ActivityManager(  110): Starting: Intent { act=android.intent.action.DELETE dat=package:com.motsolutions.cto.services.ans cmp=com.android.packageinstaller/.UninstallerActivity } from pid 246
I/ActivityManager(  110): Starting: Intent { act=android.intent.action.VIEW cmp=com.android.packageinstaller/.UninstallAppProgress (has extras) } from pid 1514
I/ActivityManager(  110): Force stopping package com.motsolutions.cto.services.ans uid=10055
I/PackageManager(  110): Removing old permission: com.motsolutions.cto.services.ans.permission.CONNECTION from package com.motsolutions.cto.services.ans
I/PackageManager(  110): Removing old permission: com.motsolutions.cto.services.ans.permission.RECEIVE from package com.motsolutions.cto.services.ans
I/PackageManager(  110): Removing old permission: com.motsolutions.cto.services.ans.permission.DEBUG from package com.motsolutions.cto.services.ans
I/PackageManager(  110): Removing old permission: com.motsolutions.cto.services.ans.permission.REGISTER from package com.motsolutions.cto.services.ans
I/PackageManager(  110): Removing old permission: com.motsolutions.cto.services.ans.permission.KEEPALIVE from package com.motsolutions.cto.services.ans
W/PackageManager(  110): Unknown permission android.permission.ADD_SYSTEM_SERVICE in package com.android.phone
W/PackageManager(  110): Unknown permission android.permission.ACCESS_GPS in package com.rhomobile.rhoconnectjs.sample.jQMPersistenceJs
W/PackageManager(  110): Unknown permission android.permission.ACCESS_ASSISTED_GPS in package com.rhomobile.rhoconnectjs.sample.jQMPersistenceJs
W/PackageManager(  110): Not granting permission android.permission.SEND_DOWNLOAD_COMPLETED_INTENTS to package com.android.browser (protectionLevel=2 flags=0x9be45)
W/PackageManager(  110): Unknown permission android.permission.READ_OWNER_DATA in package com.google.android.email
W/PackageManager(  110): Unknown permission android.permission.READ_OWNER_DATA in package com.android.setupwizard
W/PackageManager(  110): Unknown permission android.permission.WRITE_OWNER_DATA in package com.android.setupwizard
W/PackageManager(  110): Unknown permission android.permission.READ_EXTERNAL_STORAGE in package com.smartwho.SmartFileManager
W/PackageManager(  110): Not granting permission android.permission.DEVICE_POWER to package com.google.android.deskclock (protectionLevel=2 flags=0x8be45)
W/PackageManager(  110): Unknown permission android.permission.WRITE_CDMA_CARRIER_SETTINGS in package com.android.sprintmenu
W/PackageManager(  110): Unknown permission android.permission.CHANGE_DUN_STATE in package com.android.sprintmenu
W/PackageManager(  110): Not granting permission android.permission.SEND_DOWNLOAD_COMPLETED_INTENTS to package com.android.vending (protectionLevel=2 flags=0xabec5)
W/PackageManager(  110): Unknown permission android.permission.SEND in package com.android.vending
W/PackageManager(  110): Unknown permission android.permission.ACCESS_GPS in package com.rhomobile.rhoconnectjs.sample.phoneGap
W/PackageManager(  110): Unknown permission android.permission.ACCESS_ASSISTED_GPS in package com.rhomobile.rhoconnectjs.sample.phoneGap
W/PackageManager(  110): Unknown permission com.android.providers.im.permission.READ_ONLY in package com.google.android.apps.maps
W/PackageManager(  110): Unknown permission com.google.android.apps.googlevoice.REMOTE_INTENT in package com.google.android.apps.googlevoice
W/PackageManager(  110): Unknown permission com.google.android.permission.RECEIVE_DATA_MESSAGE in package com.google.android.apps.googlevoice
W/PackageManager(  110): Unknown permission com.google.android.permission.SEND_DATA_MESSAGE in package com.google.android.apps.googlevoice
I/ActivityManager(  110): Force stopping package com.motsolutions.cto.services.ans uid=10055
W/ActivityManager(  110): No content provider found for: 
W/ActivityManager(  110): No content provider found for: 
I/PackageManager(  110): Unpacking native libraries for /data/app/com.motsolutions.cto.services.ans-1.apk
I/ActivityManager(  110): Force stopping package com.motsolutions.cto.services.ans uid=10055
W/PackageManager(  110): Unknown permission android.permission.ADD_SYSTEM_SERVICE in package com.android.phone
W/PackageManager(  110): Unknown permission android.permission.ACCESS_GPS in package com.rhomobile.rhoconnectjs.sample.jQMPersistenceJs
W/PackageManager(  110): Unknown permission android.permission.ACCESS_ASSISTED_GPS in package com.rhomobile.rhoconnectjs.sample.jQMPersistenceJs
W/PackageManager(  110): Not granting permission android.permission.SEND_DOWNLOAD_COMPLETED_INTENTS to package com.android.browser (protectionLevel=2 flags=0x9be45)
W/PackageManager(  110): Unknown permission android.permission.READ_OWNER_DATA in package com.google.android.email
W/PackageManager(  110): Unknown permission android.permission.READ_OWNER_DATA in package com.android.setupwizard
W/PackageManager(  110): Unknown permission android.permission.WRITE_OWNER_DATA in package com.android.setupwizard
W/PackageManager(  110): Unknown permission android.permission.READ_EXTERNAL_STORAGE in package com.smartwho.SmartFileManager
W/PackageManager(  110): Not granting permission android.permission.DEVICE_POWER to package com.google.android.deskclock (protectionLevel=2 flags=0x8be45)
W/PackageManager(  110): Unknown permission android.permission.WRITE_CDMA_CARRIER_SETTINGS in package com.android.sprintmenu
W/PackageManager(  110): Unknown permission android.permission.CHANGE_DUN_STATE in package com.android.sprintmenu
W/PackageManager(  110): Not granting permission android.permission.SEND_DOWNLOAD_COMPLETED_INTENTS to package com.android.vending (protectionLevel=2 flags=0xabec5)
W/PackageManager(  110): Unknown permission android.permission.SEND in package com.android.vending
W/PackageManager(  110): Unknown permission android.permission.ACCESS_GPS in package com.rhomobile.rhoconnectjs.sample.phoneGap
W/PackageManager(  110): Unknown permission android.permission.ACCESS_ASSISTED_GPS in package com.rhomobile.rhoconnectjs.sample.phoneGap
W/PackageManager(  110): Unknown permission com.android.providers.im.permission.READ_ONLY in package com.google.android.apps.maps
W/PackageManager(  110): Unknown permission com.google.android.apps.googlevoice.REMOTE_INTENT in package com.google.android.apps.googlevoice
W/PackageManager(  110): Unknown permission com.google.android.permission.RECEIVE_DATA_MESSAGE in package com.google.android.apps.googlevoice
W/PackageManager(  110): Unknown permission com.google.android.permission.SEND_DATA_MESSAGE in package com.google.android.apps.googlevoice
W/ActivityManager(  110): No content provider found for: 
W/ActivityManager(  110): No content provider found for: 
I/PackageManager(  110): Unpacking native libraries for /data/app/com.rhomobile.storepushdemo-1.apk
I/ActivityManager(  110): Force stopping package com.rhomobile.storepushdemo uid=10059
W/PackageManager(  110): Unknown permission android.permission.ADD_SYSTEM_SERVICE in package com.android.phone
W/PackageManager(  110): Unknown permission android.permission.ACCESS_GPS in package com.rhomobile.rhoconnectjs.sample.jQMPersistenceJs
W/PackageManager(  110): Unknown permission android.permission.ACCESS_ASSISTED_GPS in package com.rhomobile.rhoconnectjs.sample.jQMPersistenceJs
W/PackageManager(  110): Not granting permission android.permission.SEND_DOWNLOAD_COMPLETED_INTENTS to package com.android.browser (protectionLevel=2 flags=0x9be45)
W/PackageManager(  110): Unknown permission android.permission.READ_OWNER_DATA in package com.google.android.email
W/PackageManager(  110): Unknown permission android.permission.READ_OWNER_DATA in package com.android.setupwizard
W/PackageManager(  110): Unknown permission android.permission.WRITE_OWNER_DATA in package com.android.setupwizard
W/PackageManager(  110): Unknown permission android.permission.READ_EXTERNAL_STORAGE in package com.smartwho.SmartFileManager
W/PackageManager(  110): Not granting permission android.permission.DEVICE_POWER to package com.google.android.deskclock (protectionLevel=2 flags=0x8be45)
W/PackageManager(  110): Unknown permission android.permission.WRITE_CDMA_CARRIER_SETTINGS in package com.android.sprintmenu
W/PackageManager(  110): Unknown permission android.permission.CHANGE_DUN_STATE in package com.android.sprintmenu
W/PackageManager(  110): Not granting permission android.permission.SEND_DOWNLOAD_COMPLETED_INTENTS to package com.android.vending (protectionLevel=2 flags=0xabec5)
W/PackageManager(  110): Unknown permission android.permission.SEND in package com.android.vending
W/PackageManager(  110): Unknown permission android.permission.ACCESS_GPS in package com.rhomobile.rhoconnectjs.sample.phoneGap
W/PackageManager(  110): Unknown permission android.permission.ACCESS_ASSISTED_GPS in package com.rhomobile.rhoconnectjs.sample.phoneGap
W/PackageManager(  110): Unknown permission com.android.providers.im.permission.READ_ONLY in package com.google.android.apps.maps
W/PackageManager(  110): Unknown permission com.google.android.apps.googlevoice.REMOTE_INTENT in package com.google.android.apps.googlevoice
W/PackageManager(  110): Unknown permission com.google.android.permission.RECEIVE_DATA_MESSAGE in package com.google.android.apps.googlevoice
W/PackageManager(  110): Unknown permission com.google.android.permission.SEND_DATA_MESSAGE in package com.google.android.apps.googlevoice
I/ActivityManager(  110): Starting: Intent { act=android.intent.action.MAIN cat=[android.intent.category.HOME] flg=0x10200000 cmp=com.android.launcher/com.android.launcher2.Launcher } from pid 110
I/ActivityManager(  110): Starting: Intent { act=android.intent.action.MAIN cat=[android.intent.category.LAUNCHER] flg=0x10200000 cmp=com.rhomobile.storepushdemo/com.rhomobile.rhodes.RhodesActivity } from pid 193
I/ActivityManager(  110): Start proc com.rhomobile.storepushdemo for activity com.rhomobile.storepushdemo/com.rhomobile.rhodes.RhodesActivity: pid=1562 uid=10059 gids={3003}
W/ActivityManager(  110): No content provider found for: null
I/ActivityManager(  110): Start proc com.motsolutions.cto.services.ans for service com.motsolutions.cto.services.ans/.ANSService: pid=1587 uid=10055 gids={3003}
--------- beginning of /dev/log/main
I/APP     ( 1562): I 09/02/2014 12:36:28:410 0000062c                 Sync| Got 5(Processed: 0) records of 5 from server. Source: Product. Version: 3
I/APP     ( 1562): I 09/02/2014 12:36:28:411 0000062c                 Sync| SyncSource: pass_through = false
I/APP     ( 1562): I 09/02/2014 12:36:28:446 0000062c                 Sync| Fire notification. Source : Product; Url :; Params: 
I/APP     ( 1562): I 09/02/2014 12:36:28:448 00000625           HttpServer| Process URI: '/app/Settings/sync_notify'
I/APP     ( 1562): I 09/02/2014 12:36:28:449 00000625                  APP| RHO serve: /app/Settings/sync_notify
I/APP     ( 1562): I 09/02/2014 12:36:28:450 00000625                  APP| Params: {"__rho_object"=>{"__rho_inline"=>"0"}, "rho_callback"=>"1"}
I/APP     ( 1562): I 09/02/2014 12:36:28:451 00000625           HttpServer| GC Start.
I/APP     ( 1562): I 09/02/2014 12:36:28:452 0000062c                 Sync| Clear notification. Source : Product
I/APP     ( 1562): I 09/02/2014 12:36:28:455 0000062c                 Sync| Pull changes from server. Url: http://192.168.1.14:9292/app/v1/Product?p_size=2000&version=3&token=178889788968877
I/APP     ( 1562): I 09/02/2014 12:36:28:456 0000062c                  Net| GET request (Pull): http://192.168.1.14:9292/app/v1/Product?p_size=2000&version=3&token=178889788968877
I/APP     ( 1562): I 09/02/2014 12:36:28:471 00000625           HttpServer| GC End.
I/APP     ( 1562): I 09/02/2014 12:36:28:559 0000062c                 Sync| Got 0(Processed: 35) records of 5 from server. Source: Product. Version: 3
I/APP     ( 1562): I 09/02/2014 12:36:28:559 0000062c                 Sync| SyncSource: pass_through = false
I/APP     ( 1562): I 09/02/2014 12:36:28:595 0000062c                 Sync| Fire notification. Source : Product; Url :; Params: 
I/APP     ( 1562): I 09/02/2014 12:36:28:597 00000625           HttpServer| Process URI: '/app/Settings/sync_notify'
I/APP     ( 1562): I 09/02/2014 12:36:28:598 00000625                  APP| RHO serve: /app/Settings/sync_notify
I/APP     ( 1562): I 09/02/2014 12:36:28:599 00000625                  APP| Params: {"__rho_object"=>{"__rho_inline"=>"0"}, "rho_callback"=>"1"}
I/APP     ( 1562): I 09/02/2014 12:36:28:601 0000062c                 Sync| Clear notification. Source : Product
I/APP     ( 1562): I 09/02/2014 12:36:28:601 0000062c                 Sync| Fire notification. Source : ; Url :; Params: 
I/APP     ( 1562): I 09/02/2014 12:36:28:602 00000625           HttpServer| GC Start.
I/APP     ( 1562): I 09/02/2014 12:36:28:619 00000625           HttpServer| GC End.
I/APP     ( 1562): I 09/02/2014 12:36:28:622 00000625           HttpServer| Process URI: '/app/Settings/sync_notify'
I/APP     ( 1562): I 09/02/2014 12:36:28:623 00000625                  APP| RHO serve: /app/Settings/sync_notify
I/APP     ( 1562): I 09/02/2014 12:36:28:624 00000625                  APP| Params: {"__rho_object"=>{"__rho_inline"=>"0"}, "rho_callback"=>"1"}
I/APP     ( 1562): I 09/02/2014 12:36:28:625 0000061a       SimpleMainView| Cleared URL: http://127.0.0.1:59300/app
I/APP     ( 1562): I 09/02/2014 12:36:28:634 0000062c                 Sync| Clear notification. Source : 
I/APP     ( 1562): I 09/02/2014 12:36:28:634 0000062c                 Sync| ThreadQueue blocked for 4294967295 seconds...
I/APP     ( 1562): I 09/02/2014 12:36:28:635 0000062c                 Sync| ThreadQueue blocked for 4294967295 seconds...
I/APP     ( 1562): I 09/02/2014 12:36:28:635 00000625           HttpServer| GC Start.
I/APP     ( 1562): I 09/02/2014 12:36:28:653 00000625           HttpServer| GC End.
I/RegistrationQueue-ANS( 1587): ANS registration queue - processing queue element (registration - someappname, push, url=http://192.168.1.14:8675, session=rhoconnect_session=BAh7CEkiD3Nlc3Npb25faWQGOgZFVEkiRTU0MGE5MzBkZDk3Yzk1YjdhNGJi%0AZmMyNjU2YmY1NzlhYzNjMWI5MWM0ZWNjYjI5MDhjOGJmNmRhMzlkMDYwN2MG%0AOwBGSSIKbG9naW4GOwBGSWU6GVJlc3RDbGllbnQ6OlJlc3BvbnNlZTohUmVz%0AdENsaWVudDo6QWJzdHJhY3RSZXNwb25zZSIJcHVzaAk7AFQ6EkBuZXRfaHR0%0AcF9yZXNvOhBOZXQ6OkhUVFBPSw86EkBodHRwX3ZlcnNpb25JIggxLjEGOwBU%0AOgpAY29kZUkiCDIwMAY7AFQ6DUBtZXNzYWdlSSIHT0sGOwBUOgxAaGVhZGVy%0Aew1JIhFjb250ZW50LXR5cGUGOwBUWwZJIg90ZXh0L3BsYWluBjsAVEkiFHgt%0AdWEtY29tcGF0aWJsZQY7AFRbBkkiDElFPUVkZ2UGOwBUSSIJZXRhZwY7AFRb%0ABkkiJyIyMWEzNjFkOTZlM2UxM2Y1ZjEwOTc0OGMyYTlkMjQzNCIGOwBUSSIS%0AY2FjaGUtY29udHJvbAY7AFRbBkkiKG1heC1hZ2U9MCwgcHJpdmF0ZSwgbXVz%0AdC1yZXZhbGlkYXRlBjsAVEkiEXgtcmVxdWVzdC1pZAY7AFRbBkkiJTUxYTg2%0AYmYxZjMzOWQxOWNiZWExNWQ5Zjg5MTBkMzg2BjsAVEkiDngtcnVudGltZQY7%0AAFRbBkkiDTAuMDg1ODE3BjsAVEkiD2Nvbm5lY3Rpb24GOwBUWwZJIgpjbG9z%0AZQY7AFRJIgtzZXJ2ZXIGOwBUWwZJIiJ0aGluIDEuNi4yIGNvZGVuYW1lIERv%0AYyBCcm93bgY7AFQ6CkBib2R5QAk6CkByZWFkVDoJQHVyaTA6FEBkZWNvZGVf%0AY29udGVudEY6DEBzb2NrZXQwOhBAYm9keV9leGlzdFQ6CkBhcmdzewk6C21l%0AdGhvZDoJcG9zdDoIdXJsSSIyaHR0cDovL2xvY2FsaG9zdDozMDAwL3Job2Nv%0Abm5lY3QvYXV0aGVudGljYXRlBjsAVDoMcGF5bG9hZEkiSXsibG9naW4iOiJw%0AdXNoIiwicGFzc3dvcmQiOiJwYXNzIiwiYXBpX3Rva2VuIjoibXktcmhvY29u%0AbmVjdC10b2tlbiJ9BjsAVDoMaGVhZGVyc3sHOhFjb250ZW50X3R5cGU6CWpz%0Ab246C2FjY2VwdDsbOwtpAchJIg1hcHBfbmFtZQY7AEZJIhBhcHBsaWNhdGlv%0AbgY7AFQ%3D%0A--36e4a3c2bca5b2382a73d42913d31200d312b6d5;)
I/RegistrationQueue-ANS( 1587): ---> Fetching instance ID: http://192.168.1.14:8675
I/RegistrationQueue-ANS( 1587): ANS registration queue - inserting (registration - someappname, push, url=http://192.168.1.14:8675, session=rhoconnect_session=BAh7CEkiD3Nlc3Npb25faWQGOgZFVEkiRTU0MGE5MzBkZDk3Yzk1YjdhNGJi%0AZmMyNjU2YmY1NzlhYzNjMWI5MWM0ZWNjYjI5MDhjOGJmNmRhMzlkMDYwN2MG%0AOwBGSSIKbG9naW4GOwBGSWU6GVJlc3RDbGllbnQ6OlJlc3BvbnNlZTohUmVz%0AdENsaWVudDo6QWJzdHJhY3RSZXNwb25zZSIJcHVzaAk7AFQ6EkBuZXRfaHR0%0AcF9yZXNvOhBOZXQ6OkhUVFBPSw86EkBodHRwX3ZlcnNpb25JIggxLjEGOwBU%0AOgpAY29kZUkiCDIwMAY7AFQ6DUBtZXNzYWdlSSIHT0sGOwBUOgxAaGVhZGVy%0Aew1JIhFjb250ZW50LXR5cGUGOwBUWwZJIg90ZXh0L3BsYWluBjsAVEkiFHgt%0AdWEtY29tcGF0aWJsZQY7AFRbBkkiDElFPUVkZ2UGOwBUSSIJZXRhZwY7AFRb%0ABkkiJyIyMWEzNjFkOTZlM2UxM2Y1ZjEwOTc0OGMyYTlkMjQzNCIGOwBUSSIS%0AY2FjaGUtY29udHJvbAY7AFRbBkkiKG1heC1hZ2U9MCwgcHJpdmF0ZSwgbXVz%0AdC1yZXZhbGlkYXRlBjsAVEkiEXgtcmVxdWVzdC1pZAY7AFRbBkkiJTUxYTg2%0AYmYxZjMzOWQxOWNiZWExNWQ5Zjg5MTBkMzg2BjsAVEkiDngtcnVudGltZQY7%0AAFRbBkkiDTAuMDg1ODE3BjsAVEkiD2Nvbm5lY3Rpb24GOwBUWwZJIgpjbG9z%0AZQY7AFRJIgtzZXJ2ZXIGOwBUWwZJIiJ0aGluIDEuNi4yIGNvZGVuYW1lIERv%0AYyBCcm93bgY7AFQ6CkBib2R5QAk6CkByZWFkVDoJQHVyaTA6FEBkZWNvZGVf%0AY29udGVudEY6DEBzb2NrZXQwOhBAYm9keV9leGlzdFQ6CkBhcmdzewk6C21l%0AdGhvZDoJcG9zdDoIdXJsSSIyaHR0cDovL2xvY2FsaG9zdDozMDAwL3Job2Nv%0Abm5lY3QvYXV0aGVudGljYXRlBjsAVDoMcGF5bG9hZEkiSXsibG9naW4iOiJw%0AdXNoIiwicGFzc3dvcmQiOiJwYXNzIiwiYXBpX3Rva2VuIjoibXktcmhvY29u%0AbmVjdC10b2tlbiJ9BjsAVDoMaGVhZGVyc3sHOhFjb250ZW50X3R5cGU6CWpz%0Ab246C2FjY2VwdDsbOwtpAchJIg1hcHBfbmFtZQY7AEZJIhBhcHBsaWNhdGlv%0AbgY7AFQ%3D%0A--36e4a3c2bca5b2382a73d42913d31200d312b6d5;)
I/APP     ( 1562): I 09/02/2014 12:36:29:041 00000625           HttpServer| Process URI: '/app'
I/APP     ( 1562): I 09/02/2014 12:36:29:082 0000061a     RhoWebViewClient| Loading URL: http://127.0.0.1:59300/app/index_erb.iseq
I/APP     ( 1562): I 09/02/2014 12:36:29:086 00000625           HttpServer| Process URI: '/app/index_erb.iseq'
I/APP     ( 1562): I 09/02/2014 12:36:29:092 00000625                  APP| RHO serve_index: /app/index_erb.iseq
I/APP     ( 1562): I 09/02/2014 12:36:29:092 00000625 RHO Rho::RhoController| inst_render_index
I/APP     ( 1562): I 09/02/2014 12:36:29:103 00000625 RHO Rho::RhoController| index layout
I/APP     ( 1562): I 09/02/2014 12:36:29:127 00000625           HttpServer| GC Start.
I/APP     ( 1562): I 09/02/2014 12:36:29:161 00000625           HttpServer| GC End.
I/APP     ( 1562): I 09/02/2014 12:36:29:226 0000061a   RhoWebChromeClient| Replacing Old Rho.ORM with new one!!! -- From line 4058 of http://127.0.0.1:59300/public/api/rhoapi-modules.js
I/Web Console( 1562): Replacing Old Rho.ORM with new one!!! at http://127.0.0.1:59300/public/api/rhoapi-modules.js:4058
I/RegistrationQueue-ANS( 1587): ---> Fetching instance cookie: http://192.168.1.14:8675, app = someappname
I/RegistrationQueue-ANS( 1587): ---> Registering: http://192.168.1.14:8675, app = someappname
I/ConnectionHandler-ANS( 1587): ANS Checking registrations to see if any connections need to be created...
I/ConnectionHandler-ANS( 1587): ===> Setting up connection for http://192.168.1.14:8675
I/APP     ( 1562): I 09/02/2014 12:36:30:035 0000061a ANSBroadcastReceiver| Rhoconnect-push registration succeded
I/ConnectionHandler-ANS( 1587): ANS connection handler started for http://192.168.1.14:8675
I/ConnectionHandler-ANS( 1587): ANS initiating nextMessage fetch for http://192.168.1.14:8675
I/ConnectionHandler-ANS( 1587): ===> Establishing connection to http://192.168.1.14:8675...
I/APP     ( 1562): I 09/02/2014 12:36:30:055 0000061a        RhodesService| handleCommand: startId=2, source=com.rhomobile.rhodes.PushContract
I/APP     ( 1562): I 09/02/2014 12:36:30:055 0000061a        RhodesService| Received PUSH registration id: e741fe70-4223-4fc1-ad5a-ae5acce323e4:a676dc4d0dfc5ae41df8b6541a6ae3d4
I/APP     ( 1562): I 09/02/2014 12:36:30:055 0000061a       ClientRegister| Starting ClientRegister...
I/RegistrationQueue-ANS( 1587): ANS registration queue - processing queue element (registration - someappname, push, url=http://192.168.1.14:8675, session=rhoconnect_session=BAh7CEkiD3Nlc3Npb25faWQGOgZFVEkiRTU0MGE5MzBkZDk3Yzk1YjdhNGJi%0AZmMyNjU2YmY1NzlhYzNjMWI5MWM0ZWNjYjI5MDhjOGJmNmRhMzlkMDYwN2MG%0AOwBGSSIKbG9naW4GOwBGSWU6GVJlc3RDbGllbnQ6OlJlc3BvbnNlZTohUmVz%0AdENsaWVudDo6QWJzdHJhY3RSZXNwb25zZSIJcHVzaAk7AFQ6EkBuZXRfaHR0%0AcF9yZXNvOhBOZXQ6OkhUVFBPSw86EkBodHRwX3ZlcnNpb25JIggxLjEGOwBU%0AOgpAY29kZUkiCDIwMAY7AFQ6DUBtZXNzYWdlSSIHT0sGOwBUOgxAaGVhZGVy%0Aew1JIhFjb250ZW50LXR5cGUGOwBUWwZJIg90ZXh0L3BsYWluBjsAVEkiFHgt%0AdWEtY29tcGF0aWJsZQY7AFRbBkkiDElFPUVkZ2UGOwBUSSIJZXRhZwY7AFRb%0ABkkiJyIyMWEzNjFkOTZlM2UxM2Y1ZjEwOTc0OGMyYTlkMjQzNCIGOwBUSSIS%0AY2FjaGUtY29udHJvbAY7AFRbBkkiKG1heC1hZ2U9MCwgcHJpdmF0ZSwgbXVz%0AdC1yZXZhbGlkYXRlBjsAVEkiEXgtcmVxdWVzdC1pZAY7AFRbBkkiJTUxYTg2%0AYmYxZjMzOWQxOWNiZWExNWQ5Zjg5MTBkMzg2BjsAVEkiDngtcnVudGltZQY7%0AAFRbBkkiDTAuMDg1ODE3BjsAVEkiD2Nvbm5lY3Rpb24GOwBUWwZJIgpjbG9z%0AZQY7AFRJIgtzZXJ2ZXIGOwBUWwZJIiJ0aGluIDEuNi4yIGNvZGVuYW1lIERv%0AYyBCcm93bgY7AFQ6CkBib2R5QAk6CkByZWFkVDoJQHVyaTA6FEBkZWNvZGVf%0AY29udGVudEY6DEBzb2NrZXQwOhBAYm9keV9leGlzdFQ6CkBhcmdzewk6C21l%0AdGhvZDoJcG9zdDoIdXJsSSIyaHR0cDovL2xvY2FsaG9zdDozMDAwL3Job2Nv%0Abm5lY3QvYXV0aGVudGljYXRlBjsAVDoMcGF5bG9hZEkiSXsibG9naW4iOiJw%0AdXNoIiwicGFzc3dvcmQiOiJwYXNzIiwiYXBpX3Rva2VuIjoibXktcmhvY29u%0AbmVjdC10b2tlbiJ9BjsAVDoMaGVhZGVyc3sHOhFjb250ZW50X3R5cGU6CWpz%0Ab246C2FjY2VwdDsbOwtpAchJIg1hcHBfbmFtZQY7AEZJIhBhcHBsaWNhdGlv%0AbgY7AFQ%3D%0A--36e4a3c2bca5b2382a73d42913d31200d312b6d5;)
I/APP     ( 1562): I 09/02/2014 12:36:30:056 00000627       ClientRegister| Try to (un)register: 4
I/APP     ( 1562): I 09/02/2014 12:36:30:059 00000627              PhoneId| Serial#: 33312123BCB600EC
I/APP     ( 1562): I 09/02/2014 12:36:30:061 00000627              PhoneId| Generated phone id: 94f695dd-ced1-34e4-a5b4-d0609535383a
I/APP     ( 1562): I 09/02/2014 12:36:30:062 00000627       ClientRegister| getRegisterBody() BODY is: {"device_pin":"e741fe70-4223-4fc1-ad5a-ae5acce323e4:a676dc4d0dfc5ae41df8b6541a6ae3d4","phone_id":"94f695dd-ced1-34e4-a5b4-d0609535383a","device_port":"100","device_type":"ANDROID","device_push_type":"rhoconnect_push"}
I/APP     ( 1562): I 09/02/2014 12:36:30:063 00000627                  Net| POST request (Pull): http://192.168.1.14:9292/rc/v1/clients/6406d7159acf3e000bc31aabd251a6b0/register
I/APP     ( 1562): I 09/02/2014 12:36:30:064 0000061a       ClientRegister| Starting ClientRegister...
I/APP     ( 1562): I 09/02/2014 12:36:30:067 00000625           HttpServer| Process URI: '/app/Settings/registration_callback'
I/APP     ( 1562): I 09/02/2014 12:36:30:068 00000625                  APP| RHO serve: /app/Settings/registration_callback
I/APP     ( 1562): I 09/02/2014 12:36:30:070 00000625                  APP| Params: {"__rho_object"=>{"__rho_inline"=>"0"}, "rho_callback"=>"1"}
I/APP     ( 1562): I 09/02/2014 12:36:30:070 00000625                  APP|  *********** INSIDE registration_callback **************
I/APP     ( 1562): I 09/02/2014 12:36:30:071 00000625                  APP| -- device_pin: e741fe70-4223-4fc1-ad5a-ae5acce323e4:a676dc4d0dfc5ae41df8b6541a6ae3d4
I/APP     ( 1562): I 09/02/2014 12:36:30:072 00000625           HttpServer| GC Start.
I/APP     ( 1562): I 09/02/2014 12:36:30:101 00000625           HttpServer| GC End.
I/ConnectionHandler-ANS( 1587): ANS Checking registrations to see if any connections need to be created...
I/ConnectionHandler-ANS( 1587): ===> Connection already exists for http://192.168.1.14:8675
D/ANSApplication-ANS( 1587): @@@@@ WARNING - element not found @@@@@
I/APP     ( 1562): I 09/02/2014 12:36:30:124 0000061a ANSBroadcastReceiver| Rhoconnect-push registration succeded
I/APP     ( 1562): I 09/02/2014 12:36:30:140 0000061a        RhodesService| handleCommand: startId=3, source=com.rhomobile.rhodes.PushContract
I/APP     ( 1562): I 09/02/2014 12:36:30:147 0000061a        RhodesService| Received PUSH registration id: e741fe70-4223-4fc1-ad5a-ae5acce323e4:a676dc4d0dfc5ae41df8b6541a6ae3d4
I/APP     ( 1562): I 09/02/2014 12:36:30:147 0000061a       ClientRegister| Starting ClientRegister...
I/APP     ( 1562): I 09/02/2014 12:36:30:148 0000061a       ClientRegister| Starting ClientRegister...
I/APP     ( 1562): I 09/02/2014 12:36:30:646 00000627       ClientRegister| Registered client sucessfully...
I/APP     ( 1562): I 09/02/2014 12:36:30:646 00000627       ClientRegister| Registered: 4
I/APP     ( 1562): I 09/02/2014 12:36:30:646 00000627       ClientRegister| ClientRegister thread shutdown
I/APP     ( 1562): I 09/02/2014 12:36:35:664 00000625           HttpServer| Process URI: '/app/Product'
I/APP     ( 1562): I 09/02/2014 12:36:35:665 00000625                  APP| RHO serve: /app/Product
I/APP     ( 1562): I 09/02/2014 12:36:35:665 00000625              RhoRuby| require_compiled: Product/product_controller
I/APP     ( 1562): I 09/02/2014 12:36:35:702 00000625           HttpServer| GC Start.
I/APP     ( 1562): I 09/02/2014 12:36:35:721 00000625           HttpServer| GC End.
I/ConnectionHandler-ANS( 1587): ===> Response code = 200 from http://192.168.1.14:8675
I/APP     ( 1562): I 09/02/2014 12:36:56:559 0000061a        RhodesService| handleCommand: startId=4, source=com.rhomobile.rhodes.PushContract
I/APP     ( 1562): I 09/02/2014 12:36:56:562 00000625           HttpServer| Process URI: '/app/Settings/push_callback'
I/APP     ( 1562): I 09/02/2014 12:36:56:562 00000625                  APP| RHO serve: /app/Settings/push_callback
I/APP     ( 1562): I 09/02/2014 12:36:56:564 00000625                  APP| Params: {"__rho_object"=>{"__rho_inline"=>"0"}, "rho_callback"=>"1"}
I/APP     ( 1562): I 09/02/2014 12:36:56:564 00000625                  APP|  *********** INSIDE push_callback **************
I/APP     ( 1562): I 09/02/2014 12:36:56:565 00000625                  APP| {"rho_callback"=>"1", "vibrate"=>"2000", "sound"=>"welcome.mp3", "alert"=>"push message", "do_sync"=>["Product"]}
I/APP     ( 1562): I 09/02/2014 12:36:56:568 00000625           HttpServer| GC Start.
I/APP     ( 1562): I 09/02/2014 12:36:56:570 0000061a       SimpleMainView| Cleared URL: http://127.0.0.1:59300/app
I/APP     ( 1562): I 09/02/2014 12:36:56:597 00000625           HttpServer| GC End.
I/APP     ( 1562): I 09/02/2014 12:36:56:597 00000625           HttpServer| Process URI: '/app'
I/APP     ( 1562): I 09/02/2014 12:36:56:625 00000625           HttpServer| Process URI: '/app/index_erb.iseq'
I/APP     ( 1562): I 09/02/2014 12:36:56:630 00000625                  APP| RHO serve_index: /app/index_erb.iseq
I/APP     ( 1562): I 09/02/2014 12:36:56:631 00000625 RHO Rho::RhoController| inst_render_index
I/APP     ( 1562): I 09/02/2014 12:36:56:645 00000625 RHO Rho::RhoController| index layout
I/APP     ( 1562): I 09/02/2014 12:36:56:678 00000625           HttpServer| GC Start.
I/APP     ( 1562): I 09/02/2014 12:36:56:693 00000625           HttpServer| GC End.
I/ConnectionHandler-ANS( 1587): ===> message received and processed from http://192.168.1.14:8675
I/ConnectionHandler-ANS( 1587): ==================================
I/ConnectionHandler-ANS( 1587): ANS initiating nextMessage fetch for http://192.168.1.14:8675
I/ConnectionHandler-ANS( 1587): ===> Establishing connection to http://192.168.1.14:8675...
I/APP     ( 1562): I 09/02/2014 12:36:56:872 0000061a   RhoWebChromeClient| Replacing Old Rho.ORM with new one!!! -- From line 4058 of http://127.0.0.1:59300/public/api/rhoapi-modules.js
I/Web Console( 1562): Replacing Old Rho.ORM with new one!!! at http://127.0.0.1:59300/public/api/rhoapi-modules.js:4058
I/ConnectionHandler-ANS( 1587): ===> Response code = 200 from http://192.168.1.14:8675
I/APP     ( 1562): I 09/02/2014 12:37:10:984 0000061a        RhodesService| handleCommand: startId=5, source=com.rhomobile.rhodes.PushContract
I/APP     ( 1562): I 09/02/2014 12:37:10:986 00000625           HttpServer| Process URI: '/app/Settings/push_callback'
I/APP     ( 1562): I 09/02/2014 12:37:10:987 00000625                  APP| RHO serve: /app/Settings/push_callback
I/APP     ( 1562): I 09/02/2014 12:37:10:988 00000625                  APP| Params: {"__rho_object"=>{"__rho_inline"=>"0"}, "rho_callback"=>"1"}
I/APP     ( 1562): I 09/02/2014 12:37:10:988 00000625                  APP|  *********** INSIDE push_callback **************
I/APP     ( 1562): I 09/02/2014 12:37:10:989 00000625                  APP| {"rho_callback"=>"1", "vibrate"=>"", "do_sync"=>["Product"]}
I/APP     ( 1562): I 09/02/2014 12:37:10:989 00000625                 Sync| addCommand: SyncAll
I/APP     ( 1562): I 09/02/2014 12:37:10:992 00000625           HttpServer| GC Start.
I/APP     ( 1562): I 09/02/2014 12:37:10:997 0000061a       SimpleMainView| Cleared URL: http://127.0.0.1:59300/app
I/APP     ( 1562): I 09/02/2014 12:37:11:028 00000625           HttpServer| GC End.
I/APP     ( 1562): I 09/02/2014 12:37:11:028 00000625           HttpServer| Process URI: '/system/loadallsyncsources'
I/APP     ( 1562): I 09/02/2014 12:37:11:038 00000625           HttpServer| Process URI: '/app'
I/ConnectionHandler-ANS( 1587): ===> message received and processed from http://192.168.1.14:8675
I/ConnectionHandler-ANS( 1587): ==================================
I/ConnectionHandler-ANS( 1587): ANS initiating nextMessage fetch for http://192.168.1.14:8675
I/ConnectionHandler-ANS( 1587): ===> Establishing connection to http://192.168.1.14:8675...
I/APP     ( 1562): I 09/02/2014 12:37:11:101 00000625           HttpServer| Process URI: '/app/index_erb.iseq'
I/APP     ( 1562): I 09/02/2014 12:37:11:107 00000625                  APP| RHO serve_index: /app/index_erb.iseq
I/APP     ( 1562): I 09/02/2014 12:37:11:107 00000625 RHO Rho::RhoController| inst_render_index
I/APP     ( 1562): I 09/02/2014 12:37:11:113 0000062c                 Sync| Sync server changes source ID :3
I/APP     ( 1562): I 09/02/2014 12:37:11:113 0000062c                 Sync| Pull changes from server. Url: http://192.168.1.14:9292/app/v1/Product?p_size=2000&version=3
I/APP     ( 1562): I 09/02/2014 12:37:11:114 0000062c                  Net| GET request (Pull): http://192.168.1.14:9292/app/v1/Product?p_size=2000&version=3
I/APP     ( 1562): I 09/02/2014 12:37:11:120 00000625 RHO Rho::RhoController| index layout
I/APP     ( 1562): I 09/02/2014 12:37:11:145 00000625           HttpServer| GC Start.
I/APP     ( 1562): I 09/02/2014 12:37:11:178 00000625           HttpServer| GC End.
I/APP     ( 1562): I 09/02/2014 12:37:11:201 0000062c                 Sync| Got 2(Processed: 0) records of 5 from server. Source: Product. Version: 3
I/APP     ( 1562): I 09/02/2014 12:37:11:202 0000062c                 Sync| SyncSource: pass_through = false
I/APP     ( 1562): I 09/02/2014 12:37:11:232 0000062c                 Sync| Fire notification. Source : Product; Url :; Params: 
I/APP     ( 1562): I 09/02/2014 12:37:11:234 00000625           HttpServer| Process URI: '/app/Settings/sync_notify'
I/APP     ( 1562): I 09/02/2014 12:37:11:235 00000625                  APP| RHO serve: /app/Settings/sync_notify
I/APP     ( 1562): I 09/02/2014 12:37:11:236 00000625                  APP| Params: {"__rho_object"=>{"__rho_inline"=>"0"}, "rho_callback"=>"1"}
I/APP     ( 1562): I 09/02/2014 12:37:11:237 00000625           HttpServer| GC Start.
I/APP     ( 1562): I 09/02/2014 12:37:11:241 0000062c                 Sync| Clear notification. Source : Product
I/APP     ( 1562): I 09/02/2014 12:37:11:242 0000062c                 Sync| Pull changes from server. Url: http://192.168.1.14:9292/app/v1/Product?p_size=2000&version=3&token=178889831747880
I/APP     ( 1562): I 09/02/2014 12:37:11:242 0000062c                  Net| GET request (Pull): http://192.168.1.14:9292/app/v1/Product?p_size=2000&version=3&token=178889831747880
I/APP     ( 1562): I 09/02/2014 12:37:11:261 00000625           HttpServer| GC End.
I/APP     ( 1562): I 09/02/2014 12:37:11:301 0000062c                 Sync| Got 0(Processed: 4) records of 5 from server. Source: Product. Version: 3
I/APP     ( 1562): I 09/02/2014 12:37:11:302 0000062c                 Sync| SyncSource: pass_through = false
I/APP     ( 1562): I 09/02/2014 12:37:11:342 0000062c                 Sync| Fire notification. Source : Product; Url :; Params: 
I/APP     ( 1562): I 09/02/2014 12:37:11:344 00000625           HttpServer| Process URI: '/app/Settings/sync_notify'
I/APP     ( 1562): I 09/02/2014 12:37:11:345 00000625                  APP| RHO serve: /app/Settings/sync_notify
I/APP     ( 1562): I 09/02/2014 12:37:11:346 00000625                  APP| Params: {"__rho_object"=>{"__rho_inline"=>"0"}, "rho_callback"=>"1"}
I/APP     ( 1562): I 09/02/2014 12:37:11:347 00000625           HttpServer| GC Start.
I/APP     ( 1562): I 09/02/2014 12:37:11:351 0000062c                 Sync| Clear notification. Source : Product
I/APP     ( 1562): I 09/02/2014 12:37:11:351 0000062c                 Sync| Fire notification. Source : ; Url :; Params: 
I/APP     ( 1562): I 09/02/2014 12:37:11:353 0000061a   RhoWebChromeClient| Replacing Old Rho.ORM with new one!!! -- From line 4058 of http://127.0.0.1:59300/public/api/rhoapi-modules.js
I/Web Console( 1562): Replacing Old Rho.ORM with new one!!! at http://127.0.0.1:59300/public/api/rhoapi-modules.js:4058
I/APP     ( 1562): I 09/02/2014 12:37:11:370 00000625           HttpServer| GC End.
I/APP     ( 1562): I 09/02/2014 12:37:11:371 00000625           HttpServer| Process URI: '/app/Settings/sync_notify'
I/APP     ( 1562): I 09/02/2014 12:37:11:371 00000625                  APP| RHO serve: /app/Settings/sync_notify
I/APP     ( 1562): I 09/02/2014 12:37:11:373 00000625                  APP| Params: {"__rho_object"=>{"__rho_inline"=>"0"}, "rho_callback"=>"1"}
I/APP     ( 1562): I 09/02/2014 12:37:11:376 0000061a       SimpleMainView| Cleared URL: http://127.0.0.1:59300/app
I/APP     ( 1562): I 09/02/2014 12:37:11:378 0000062c                 Sync| Clear notification. Source : 
I/APP     ( 1562): I 09/02/2014 12:37:11:378 0000062c                 Sync| ThreadQueue blocked for 4294967295 seconds...
I/APP     ( 1562): I 09/02/2014 12:37:11:378 00000625           HttpServer| GC Start.
I/APP     ( 1562): I 09/02/2014 12:37:11:422 00000625           HttpServer| GC End.
I/APP     ( 1562): I 09/02/2014 12:37:12:083 00000625           HttpServer| Process URI: '/app'
I/APP     ( 1562): I 09/02/2014 12:37:12:137 00000625           HttpServer| Process URI: '/app/index_erb.iseq'
I/APP     ( 1562): I 09/02/2014 12:37:12:143 00000625                  APP| RHO serve_index: /app/index_erb.iseq
I/APP     ( 1562): I 09/02/2014 12:37:12:143 00000625 RHO Rho::RhoController| inst_render_index
I/APP     ( 1562): I 09/02/2014 12:37:12:149 00000625 RHO Rho::RhoController| index layout
I/APP     ( 1562): I 09/02/2014 12:37:12:205 00000625           HttpServer| GC Start.
D/dalvikvm( 1562): GC_CONCURRENT freed 1175K, 52% free 3456K/7111K, external 3565K/4409K, paused 2ms+9ms
I/APP     ( 1562): I 09/02/2014 12:37:12:253 00000625           HttpServer| GC End.
I/APP     ( 1562): I 09/02/2014 12:37:12:331 0000061a   RhoWebChromeClient| Replacing Old Rho.ORM with new one!!! -- From line 4058 of http://127.0.0.1:59300/public/api/rhoapi-modules.js
I/Web Console( 1562): Replacing Old Rho.ORM with new one!!! at http://127.0.0.1:59300/public/api/rhoapi-modules.js:4058
I/APP     ( 1562): I 09/02/2014 12:37:15:041 00000625           HttpServer| Process URI: '/app/Product'
I/APP     ( 1562): I 09/02/2014 12:37:15:042 00000625                  APP| RHO serve: /app/Product
I/APP     ( 1562): I 09/02/2014 12:37:15:069 00000625           HttpServer| GC Start.
I/APP     ( 1562): I 09/02/2014 12:37:15:093 00000625           HttpServer| GC End.
I/APP     ( 1562): I 09/02/2014 12:37:17:859 00000625           HttpServer| Process URI: '/app/Product/{7}/show'
I/APP     ( 1562): I 09/02/2014 12:37:17:860 00000625                  APP| RHO serve: /app/Product/{7}/show
I/APP     ( 1562): I 09/02/2014 12:37:17:861 00000625                  APP| Params: {"id"=>"{7}"}
I/APP     ( 1562): I 09/02/2014 12:37:17:889 00000625           HttpServer| GC Start.
I/APP     ( 1562): I 09/02/2014 12:37:17:907 00000625           HttpServer| GC End.
I/APP     ( 1562): I 09/02/2014 12:37:22:766 0000061a       SimpleMainView| Cleared URL: http://127.0.0.1:59300/app/Product
I/APP     ( 1562): I 09/02/2014 12:37:22:771 00000625           HttpServer| Process URI: '/app/Product'
I/APP     ( 1562): I 09/02/2014 12:37:22:773 00000625                  APP| RHO serve: /app/Product
I/APP     ( 1562): I 09/02/2014 12:37:22:799 00000625 RHO ProductController| Layout file: /data/data/com.rhomobile.storepushdemo/rhodata/apps/app/layout_erb.iseq. Content size: 3530
I/APP     ( 1562): I 09/02/2014 12:37:22:813 00000625           HttpServer| GC Start.
I/APP     ( 1562): I 09/02/2014 12:37:22:833 00000625           HttpServer| GC End.
I/APP     ( 1562): I 09/02/2014 12:37:22:996 0000061a   RhoWebChromeClient| Replacing Old Rho.ORM with new one!!! -- From line 4058 of http://127.0.0.1:59300/public/api/rhoapi-modules.js
I/Web Console( 1562): Replacing Old Rho.ORM with new one!!! at http://127.0.0.1:59300/public/api/rhoapi-modules.js:4058
I/APP     ( 1562): I 09/02/2014 12:37:26:491 00000625           HttpServer| Process URI: '/app'
I/APP     ( 1562): I 09/02/2014 12:37:26:516 00000625           HttpServer| Process URI: '/app/index_erb.iseq'
I/APP     ( 1562): I 09/02/2014 12:37:26:521 00000625                  APP| RHO serve_index: /app/index_erb.iseq
I/APP     ( 1562): I 09/02/2014 12:37:26:522 00000625 RHO Rho::RhoController| inst_render_index
I/APP     ( 1562): I 09/02/2014 12:37:26:539 00000625           HttpServer| GC Start.
I/APP     ( 1562): I 09/02/2014 12:37:26:562 00000625           HttpServer| GC End.
I/APP     ( 1562): I 09/02/2014 12:37:28:683 00000625           HttpServer| Process URI: '/app/Settings/logout'
I/APP     ( 1562): I 09/02/2014 12:37:28:684 00000625                  APP| RHO serve: /app/Settings/logout
I/APP     ( 1562): I 09/02/2014 12:37:28:685 00000625  SyncThread.cpp: 427| Logout
I/APP     ( 1562): I 09/02/2014 12:37:28:685 00000625                 Sync| STOP sync
I/APP     ( 1562): I 09/02/2014 12:37:28:685 00000625  SyncThread.cpp: 432| stopSyncByUser
I/APP     ( 1562): I 09/02/2014 12:37:28:685 00000625       ClientRegister| Dropping credentials - sess: rhoconnect_session=BAh7CEkiD3Nlc3Npb25faWQGOgZFVEkiRTU0MGE5MzBkZDk3Yzk1YjdhNGJi%0AZmMyNjU2YmY1NzlhYzNjMWI5MWM0ZWNjYjI5MDhjOGJmNmRhMzlkMDYwN2MG%0AOwBGSSIKbG9naW4GOwBGSWU6GVJlc3RDbGllbnQ6OlJlc3BvbnNlZTohUmVz%0AdENsaWVudDo6QWJzdHJhY3RSZXNwb25zZSIJcHVzaAk7AFQ6EkBuZXRfaHR0%0AcF9yZXNvOhBOZXQ6OkhUVFBPSw86EkBodHRwX3ZlcnNpb25JIggxLjEGOwBU%0AOgpAY29kZUkiCDIwMAY7AFQ6DUBtZXNzYWdlSSIHT0sGOwBUOgxAaGVhZGVy%0Aew1JIhFjb250ZW50LXR5cGUGOwBUWwZJIg90ZXh0L3BsYWluBjsAVEkiFHgt%0AdWEtY29tcGF0aWJsZQY7AFRbBkkiDElFPUVkZ2UGOwBUSSIJZXRhZwY7AFRb%0ABkkiJyIyMWEzNjFkOTZlM2UxM2Y1ZjEwOTc0OGMyYTlkMjQzNCIGOwBUSSIS%0AY2FjaGUtY29udHJvbAY7AFRbBkkiKG1heC1hZ2U9MCwgcHJpdmF0ZSwgbXVz%0AdC1yZXZhbGlkYXRlBjsAVEkiEXgtcmVxdWVzdC1pZAY7AFRbBkkiJTUxYTg2%0AYmYxZjMzOWQxOWNiZWExNWQ5Zjg5MTBkMzg2BjsAVEkiDngtcnVudGltZQY7%0AAFRbBkkiDTAuMDg1ODE3BjsAVEkiD2Nvbm5lY3Rpb24GOwBUWwZJIgpjbG9z%0AZQY7AFRJIgtzZXJ2ZXIGOwBUWwZJIiJ0aGluIDEuNi4yIGNvZGVuYW1lIERv%0AYyBCcm93bgY7AFQ6CkBib2R5QAk6CkByZWFkVDoJQHVyaTA6FEBkZWNvZGVf%0AY29udGVudEY6DEBzb2NrZXQwOhBAYm9keV9leGlzdFQ6CkBhcmdzewk6C21l%0AdGhvZDoJcG9zdDoIdXJsSSIyaHR0cDovL2xvY2FsaG9zdDozMDAwL3Job2Nv%0Abm5lY3QvYXV0aGVudGljYXRlBjsAVDoMcGF5bG9hZEkiSXsibG9naW4iOiJw%0AdXNoIiwicGFzc3dvcmQiOiJwYXNzIiwiYXBpX3Rva2VuIjoibXktcmhvY29u%0AbmVjdC10b2tlbiJ9BjsAVDoMaGVhZGVyc3sHOhFjb250ZW50X3R5cGU6CWpz%0Ab246C2FjY2VwdDsbOwtpAchJIg1hcHBfbmFtZQY7AEZJIhBhcHBsaWNhdGlv%0AbgY7AFQ%3D%0A--36e4a3c2bca5b2382a73d42913d31200d312b6d5;
I/APP     ( 1562): I 09/02/2014 12:37:28:685 00000625       ClientRegister| Stopping ClientRegister...
I/APP     ( 1562): I 09/02/2014 12:37:28:690 00000625       ClientRegister| Starting ClientRegister...
I/RegistrationQueue-ANS( 1587): ANS registration queue - inserting (unregistration - someappname, push, url=http://192.168.1.14:8675, session=rhoconnect_session=BAh7CEkiD3Nlc3Npb25faWQGOgZFVEkiRTU0MGE5MzBkZDk3Yzk1YjdhNGJi%0AZmMyNjU2YmY1NzlhYzNjMWI5MWM0ZWNjYjI5MDhjOGJmNmRhMzlkMDYwN2MG%0AOwBGSSIKbG9naW4GOwBGSWU6GVJlc3RDbGllbnQ6OlJlc3BvbnNlZTohUmVz%0AdENsaWVudDo6QWJzdHJhY3RSZXNwb25zZSIJcHVzaAk7AFQ6EkBuZXRfaHR0%0AcF9yZXNvOhBOZXQ6OkhUVFBPSw86EkBodHRwX3ZlcnNpb25JIggxLjEGOwBU%0AOgpAY29kZUkiCDIwMAY7AFQ6DUBtZXNzYWdlSSIHT0sGOwBUOgxAaGVhZGVy%0Aew1JIhFjb250ZW50LXR5cGUGOwBUWwZJIg90ZXh0L3BsYWluBjsAVEkiFHgt%0AdWEtY29tcGF0aWJsZQY7AFRbBkkiDElFPUVkZ2UGOwBUSSIJZXRhZwY7AFRb%0ABkkiJyIyMWEzNjFkOTZlM2UxM2Y1ZjEwOTc0OGMyYTlkMjQzNCIGOwBUSSIS%0AY2FjaGUtY29udHJvbAY7AFRbBkkiKG1heC1hZ2U9MCwgcHJpdmF0ZSwgbXVz%0AdC1yZXZhbGlkYXRlBjsAVEkiEXgtcmVxdWVzdC1pZAY7AFRbBkkiJTUxYTg2%0AYmYxZjMzOWQxOWNiZWExNWQ5Zjg5MTBkMzg2BjsAVEkiDngtcnVudGltZQY7%0AAFRbBkkiDTAuMDg1ODE3BjsAVEkiD2Nvbm5lY3Rpb24GOwBUWwZJIgpjbG9z%0AZQY7AFRJIgtzZXJ2ZXIGOwBUWwZJIiJ0aGluIDEuNi4yIGNvZGVuYW1lIERv%0AYyBCcm93bgY7AFQ6CkBib2R5QAk6CkByZWFkVDoJQHVyaTA6FEBkZWNvZGVf%0AY29udGVudEY6DEBzb2NrZXQwOhBAYm9keV9leGlzdFQ6CkBhcmdzewk6C21l%0AdGhvZDoJcG9zdDoIdXJsSSIyaHR0cDovL2xvY2FsaG9zdDozMDAwL3Job2Nv%0Abm5lY3QvYXV0aGVudGljYXRlBjsAVDoMcGF5bG9hZEkiSXsibG9naW4iOiJw%0AdXNoIiwicGFzc3dvcmQiOiJwYXNzIiwiYXBpX3Rva2VuIjoibXktcmhvY29u%0AbmVjdC10b2tlbiJ9BjsAVDoMaGVhZGVyc3sHOhFjb250ZW50X3R5cGU6CWpz%0Ab246C2FjY2VwdDsbOwtpAchJIg1hcHBfbmFtZQY7AEZJIhBhcHBsaWNhdGlv%0AbgY7AFQ%3D%0A--36e4a3c2bca5b2382a73d42913d31200d312b6d5;)
I/APP     ( 1562): I 09/02/2014 12:37:28:695 00000644       ClientRegister| ClientRegister is started
I/APP     ( 1562): I 09/02/2014 12:37:28:702 00000644       ClientRegister| Try to (un)register: 1
I/APP     ( 1562): I 09/02/2014 12:37:28:702 00000644       ClientRegister| getUnregisterBody() BODY is: {"device_pin":"","device_port":"","device_type":"","device_push_type":""}
I/APP     ( 1562): I 09/02/2014 12:37:28:703 00000644       ClientRegister| Unregistered client with body = {"device_pin":"","device_port":"","device_type":"","device_push_type":""}
I/APP     ( 1562): I 09/02/2014 12:37:28:703 00000644                  Net| POST request (Pull): http://192.168.1.14:9292/rc/v1/clients/6406d7159acf3e000bc31aabd251a6b0/register
I/RegistrationQueue-ANS( 1587): ANS registration queue - processing queue element (unregistration - someappname, push, url=http://192.168.1.14:8675, session=rhoconnect_session=BAh7CEkiD3Nlc3Npb25faWQGOgZFVEkiRTU0MGE5MzBkZDk3Yzk1YjdhNGJi%0AZmMyNjU2YmY1NzlhYzNjMWI5MWM0ZWNjYjI5MDhjOGJmNmRhMzlkMDYwN2MG%0AOwBGSSIKbG9naW4GOwBGSWU6GVJlc3RDbGllbnQ6OlJlc3BvbnNlZTohUmVz%0AdENsaWVudDo6QWJzdHJhY3RSZXNwb25zZSIJcHVzaAk7AFQ6EkBuZXRfaHR0%0AcF9yZXNvOhBOZXQ6OkhUVFBPSw86EkBodHRwX3ZlcnNpb25JIggxLjEGOwBU%0AOgpAY29kZUkiCDIwMAY7AFQ6DUBtZXNzYWdlSSIHT0sGOwBUOgxAaGVhZGVy%0Aew1JIhFjb250ZW50LXR5cGUGOwBUWwZJIg90ZXh0L3BsYWluBjsAVEkiFHgt%0AdWEtY29tcGF0aWJsZQY7AFRbBkkiDElFPUVkZ2UGOwBUSSIJZXRhZwY7AFRb%0ABkkiJyIyMWEzNjFkOTZlM2UxM2Y1ZjEwOTc0OGMyYTlkMjQzNCIGOwBUSSIS%0AY2FjaGUtY29udHJvbAY7AFRbBkkiKG1heC1hZ2U9MCwgcHJpdmF0ZSwgbXVz%0AdC1yZXZhbGlkYXRlBjsAVEkiEXgtcmVxdWVzdC1pZAY7AFRbBkkiJTUxYTg2%0AYmYxZjMzOWQxOWNiZWExNWQ5Zjg5MTBkMzg2BjsAVEkiDngtcnVudGltZQY7%0AAFRbBkkiDTAuMDg1ODE3BjsAVEkiD2Nvbm5lY3Rpb24GOwBUWwZJIgpjbG9z%0AZQY7AFRJIgtzZXJ2ZXIGOwBUWwZJIiJ0aGluIDEuNi4yIGNvZGVuYW1lIERv%0AYyBCcm93bgY7AFQ6CkBib2R5QAk6CkByZWFkVDoJQHVyaTA6FEBkZWNvZGVf%0AY29udGVudEY6DEBzb2NrZXQwOhBAYm9keV9leGlzdFQ6CkBhcmdzewk6C21l%0AdGhvZDoJcG9zdDoIdXJsSSIyaHR0cDovL2xvY2FsaG9zdDozMDAwL3Job2Nv%0Abm5lY3QvYXV0aGVudGljYXRlBjsAVDoMcGF5bG9hZEkiSXsibG9naW4iOiJw%0AdXNoIiwicGFzc3dvcmQiOiJwYXNzIiwiYXBpX3Rva2VuIjoibXktcmhvY29u%0AbmVjdC10b2tlbiJ9BjsAVDoMaGVhZGVyc3sHOhFjb250ZW50X3R5cGU6CWpz%0Ab246C2FjY2VwdDsbOwtpAchJIg1hcHBfbmFtZQY7AEZJIhBhcHBsaWNhdGlv%0AbgY7AFQ%3D%0A--36e4a3c2bca5b2382a73d42913d31200d312b6d5;)
I/RegistrationQueue-ANS( 1587): ---> Unregistering: http://192.168.1.14:8675, app = someappname
I/APP     ( 1562): I 09/02/2014 12:37:28:767 00000625           HttpServer| GC Start.
I/APP     ( 1562): I 09/02/2014 12:37:28:800 00000625           HttpServer| GC End.
I/APP     ( 1562): I 09/02/2014 12:37:28:803 00000644       ClientRegister| Unregistered client sucessfully...
I/APP     ( 1562): I 09/02/2014 12:37:28:803 00000644       ClientRegister| Unregistered: 1
I/APP     ( 1562): I 09/02/2014 12:37:28:803 00000644       ClientRegister| ClientRegister thread shutdown
D/dalvikvm( 1587): GC_FOR_MALLOC freed 656K, 47% free 3553K/6663K, external 1625K/2137K, paused 574ms
D/dalvikvm( 1587): GC_FOR_MALLOC freed 561K, 55% free 3078K/6791K, external 1625K/2137K, paused 15ms
I/ConnectionHandler-ANS( 1587): ===> Response code = 410 from http://192.168.1.14:8675
I/ConnectionHandler-ANS( 1587): --------------------------------
I/APP     ( 1562): I 09/02/2014 12:37:29:670 0000061a ANSBroadcastReceiver| Rhoconnect-push unregistration success
I/ConnectionHandler-ANS( 1587): ANS Checking registrations to see if any connections need to be deleted...
I/ConnectionHandler-ANS( 1587): ===> Connection object for http://192.168.1.14:8675 has no registration match, deleting
I/ConnectionHandler-ANS( 1587): ===> This connection (http://192.168.1.14:8675) no longer has any associated registrations, returning
D/dalvikvm( 1587): GC_EXPLICIT freed 135K, 54% free 3147K/6791K, external 1625K/2137K, paused 54ms
D/dalvikvm(  183): GC_EXTERNAL_ALLOC freed 154K, 53% free 2969K/6215K, external 5234K/5237K, paused 20ms
V/SimpleMainView.View( 1562): ms[1409686764634]  Main Window :: onSizeChanged() old [ 480 x 350 ]  new [ 480 x 724 ]
D/dalvikvm(  183): GC_EXTERNAL_ALLOC freed 122K, 53% free 2971K/6215K, external 5153K/5285K, paused 50ms
W/KeyCharacterMap( 1562): Can't open keycharmap file
W/KeyCharacterMap( 1562): Error loading keycharmap file '/system/usr/keychars/herring-keypad.kcm.bin'. hw.keyboards.0.devname='herring-keypad'
W/KeyCharacterMap( 1562): Using default keymap: /system/usr/keychars/qwerty.kcm.bin
V/SimpleMainView.View( 1562): ms[1409686773101]  Main Window :: onSizeChanged() old [ 480 x 414 ]  new [ 480 x 350 ]
V/SimpleMainView.View( 1562): ms[1409686779657]  Main Window :: onSizeChanged() old [ 480 x 724 ]  new [ 480 x 414 ]
I/APP     ( 1562): I 09/02/2014 12:39:39:704 00000625           HttpServer| Process URI: '/app/Settings/do_login'
I/APP     ( 1562): I 09/02/2014 12:39:39:704 00000625                  APP| RHO serve: /app/Settings/do_login
I/APP     ( 1562): I 09/02/2014 12:39:39:706 00000625                  APP| Params: {"login"=>"push", "password"=>"pass"}
I/APP     ( 1562): I 09/02/2014 12:39:39:707 00000625                 Sync| STOP sync
I/APP     ( 1562): I 09/02/2014 12:39:39:707 00000625                 Sync| addCommand: Login
I/APP     ( 1562): I 09/02/2014 12:39:39:725 00000625           HttpServer| GC Start.
I/APP     ( 1562): I 09/02/2014 12:39:39:758 00000625           HttpServer| GC End.
I/APP     ( 1562): I 09/02/2014 12:39:39:759 00000625           HttpServer| Process URI: '/system/loadallsyncsources'
I/APP     ( 1562): I 09/02/2014 12:39:39:762 0000062c                  Net| POST request (Pull): http://192.168.1.14:9292/rc/v1/app/login
I/APP     ( 1562): I 09/02/2014 12:39:39:871 0000062c                 Sync| Login callback: Url :; Params: . Error code: 0. Message: 
I/APP     ( 1562): I 09/02/2014 12:39:39:872 00000625           HttpServer| Process URI: '/app/Settings/login_callback'
I/APP     ( 1562): I 09/02/2014 12:39:39:873 00000625                  APP| RHO serve: /app/Settings/login_callback
I/APP     ( 1562): I 09/02/2014 12:39:39:874 00000625                  APP| Params: {"__rho_object"=>{"__rho_inline"=>"0"}, "rho_callback"=>"1"}
I/APP     ( 1562): I 09/02/2014 12:39:39:875 00000625                  APP|  *********** INSIDE login_callback **************
I/APP     ( 1562): I 09/02/2014 12:39:39:876 00000625                 Push| addCommand: 
I/APP     ( 1562): I 09/02/2014 12:39:39:878 0000061a       SimpleMainView| Cleared URL: http://127.0.0.1:59300/app/Settings
I/APP     ( 1562): I 09/02/2014 12:39:39:885 00000625                 Sync| addCommand: SyncAll
I/APP     ( 1562): I 09/02/2014 12:39:39:886 00000625           HttpServer| GC Start.
I/APP     ( 1562): I 09/02/2014 12:39:39:928 00000625           HttpServer| GC End.
I/APP     ( 1562): I 09/02/2014 12:39:39:928 00000625           HttpServer| Process URI: '/app/Settings/registration_callback'
I/APP     ( 1562): I 09/02/2014 12:39:39:929 00000625                  APP| RHO serve: /app/Settings/registration_callback
I/APP     ( 1562): I 09/02/2014 12:39:39:930 00000625                  APP| Params: {"__rho_object"=>{"__rho_inline"=>"0"}, "rho_callback"=>"1"}
I/APP     ( 1562): I 09/02/2014 12:39:39:931 00000625                  APP|  *********** INSIDE registration_callback **************
I/APP     ( 1562): I 09/02/2014 12:39:39:931 00000625                  APP| -- device_pin: e741fe70-4223-4fc1-ad5a-ae5acce323e4:a676dc4d0dfc5ae41df8b6541a6ae3d4
I/APP     ( 1562): I 09/02/2014 12:39:39:933 00000632                 Push| ThreadQueue blocked for 4294967295 seconds...
I/APP     ( 1562): I 09/02/2014 12:39:39:933 00000625           HttpServer| GC Start.
I/APP     ( 1562): I 09/02/2014 12:39:39:944 0000062c       ClientRegister| New Sync credentials - user: push, sess: rhoconnect_session=BAh7CEkiD3Nlc3Npb25faWQGOgZFVEkiRTU5NmM3MWQ1MjdjODg0YWFjZDQw%0ANjgwYThhZWVlOTdkNjdhODMwYWI2NTM1MjVkYzc4MjAwOTE2OTIxNmViMjEG%0AOwBGSSIKbG9naW4GOwBGSSIJcHVzaAY7AFRJIg1hcHBfbmFtZQY7AEZJIhBh%0AcHBsaWNhdGlvbgY7AFQ%3D%0A--61f3bbbd16ce414eab854bc1aa70e462058f7fd6;
I/APP     ( 1562): I 09/02/2014 12:39:39:971 0000062c       ClientRegister| Starting ClientRegister...
I/APP     ( 1562): I 09/02/2014 12:39:39:981 00000625           HttpServer| GC End.
I/APP     ( 1562): I 09/02/2014 12:39:39:982 00000625           HttpServer| Process URI: '/system/loadallsyncsources'
I/APP     ( 1562): I 09/02/2014 12:39:39:991 00000648       ClientRegister| ClientRegister is started
I/APP     ( 1562): I 09/02/2014 12:39:39:991 00000648       ClientRegister| Try to (un)register: 1
I/APP     ( 1562): I 09/02/2014 12:39:40:005 00000625           HttpServer| Process URI: '/app/Settings'
I/APP     ( 1562): I 09/02/2014 12:39:40:012 00000625                  APP| RHO serve: /app/Settings
